2026-04-05 18:38:20 | ====================================================
GridCFN Configuration
====================================================

[Data]
  dataset                = weather
  data_path              = ./data/weather2k.npy
  T_in                   = 168
  T_out                  = 1
  adj_threshold          = 0.6
  batch_size             = 32

[Model]
  in_dim                 = 1
  gcn_hidden             = 64
  gcn_layers             = 2
  tcn_hidden             = 64
  tcn_layers             = 4
  env_dim                = 32
  stoch_dim              = 32
  ms_out_dim             = 32
  n_scg_layers           = 3
  out_dim                = 1
  lambda_mi              = 0.5

[Train]
  lr                     = 0.001
  max_epochs             = 200
  patience               = 20
  lr_decay_factor        = 0.5
  lr_decay_patience      = 10
  grad_clip              = 1.0
  weight_decay           = 1e-05
  save_path              = result/weather/20260405_183820/gridcfn_weather_20260405_183820.pt
  seed                   = 42
  warmup_epochs          = 5
  gpu_id                 = -1
  log_dir                = logs
  log_to_console         = True
====================================================
2026-04-05 18:38:20 | Device     : GPU 0: NVIDIA GeForce RTX 3090  (23.6 GB)
2026-04-05 18:38:20 | Result dir : result/weather/20260405_183820
2026-04-05 18:38:22 | in_dim     : 1（数据集实际特征维度，已自动覆盖 config）
2026-04-05 18:38:22 | Graph      : 13 nodes, 24 edges
2026-04-05 18:38:22 | Parameters : 202,182

2026-04-05 18:38:22 |  Epoch |     Loss |      NLL |      MI |  Val MAE |  Val RMSE |  Val CRPS |       LR |   Time
2026-04-05 18:38:22 | ---------------------------------------------------------------------------------------------
2026-04-05 18:38:24 |      1 |   0.3251 |   0.3251 |  0.2197 |   0.3114 |    0.5966 |    0.1941 | 1.00e-03 |   1.5s [warmup]
2026-04-05 18:38:25 |      2 |  -0.3316 |  -0.3316 |  0.8280 |   0.3468 |    0.6327 |    0.2126 | 1.00e-03 |   0.8s [warmup]
2026-04-05 18:38:26 |      3 |  -0.2929 |  -0.2929 |  1.1756 |   0.3275 |    0.5750 |    0.2048 | 1.00e-03 |   0.8s [warmup]
2026-04-05 18:38:26 |      4 |  -0.6807 |  -0.6807 |  1.3229 |   0.3068 |    0.5606 |    0.1955 | 1.00e-03 |   0.8s [warmup]
2026-04-05 18:38:27 |      5 |  -0.7137 |  -0.7137 |  1.3816 |   0.3051 |    0.5612 |    0.1938 | 1.00e-03 |   0.8s [warmup]
2026-04-05 18:38:28 |      6 |   0.1411 |  -0.5149 |  1.3120 |   0.3160 |    0.5813 |    0.1938 | 1.00e-03 |   0.8s
2026-04-05 18:38:29 |      7 |   0.2211 |  -0.3436 |  1.1295 |   0.3081 |    0.5607 |    0.1974 | 1.00e-03 |   0.8s
2026-04-05 18:38:30 |      8 |   0.3873 |  -0.2552 |  1.2849 |   0.3143 |    0.5618 |    0.2028 | 1.00e-03 |   0.8s
2026-04-05 18:38:30 |      9 |   0.1110 |  -0.5920 |  1.4059 |   0.3023 |    0.5608 |    0.1958 | 1.00e-03 |   0.8s
2026-04-05 18:38:31 |     10 |   0.2078 |  -0.5443 |  1.5042 |   0.3027 |    0.5585 |    0.1913 | 1.00e-03 |   0.8s
2026-04-05 18:38:32 |     11 |   0.1481 |  -0.5907 |  1.4776 |   0.2999 |    0.5635 |    0.1944 | 1.00e-03 |   0.8s
2026-04-05 18:38:33 |     12 |   0.3970 |  -0.3059 |  1.4060 |   0.3676 |    0.6585 |    0.2273 | 1.00e-03 |   0.8s
2026-04-05 18:38:34 |     13 |   0.1653 |  -0.5202 |  1.3710 |   0.3269 |    0.5898 |    0.2027 | 1.00e-03 |   0.8s
2026-04-05 18:38:34 |     14 |   0.0191 |  -0.7777 |  1.5936 |   0.3137 |    0.5777 |    0.1969 | 1.00e-03 |   0.8s
2026-04-05 18:38:35 |     15 |   0.2521 |  -0.6064 |  1.7170 |   0.3243 |    0.5721 |    0.2010 | 1.00e-03 |   0.8s
2026-04-05 18:38:36 |     16 |   0.3453 |  -0.5130 |  1.7167 |   0.3244 |    0.5773 |    0.1976 | 1.00e-03 |   0.8s
2026-04-05 18:38:37 |     17 |   0.1951 |  -0.7403 |  1.8708 |   0.3308 |    0.5785 |    0.2053 | 1.00e-03 |   0.8s
2026-04-05 18:38:38 |     18 |   0.3077 |  -0.6076 |  1.8305 |   0.3037 |    0.5635 |    0.1929 | 1.00e-03 |   0.8s
2026-04-05 18:38:38 |     19 |   0.2320 |  -0.6889 |  1.8419 |   0.3136 |    0.5637 |    0.1970 | 1.00e-03 |   0.8s
2026-04-05 18:38:39 |     20 |   0.2851 |  -0.6535 |  1.8771 |   0.3174 |    0.5656 |    0.1991 | 1.00e-03 |   0.8s
2026-04-05 18:38:40 |     21 |   0.3009 |  -0.6853 |  1.9725 |   0.3098 |    0.5622 |    0.1947 | 5.00e-04 |   0.8s
2026-04-05 18:38:41 |     22 |   0.1698 |  -0.7794 |  1.8984 |   0.3217 |    0.5771 |    0.1993 | 5.00e-04 |   0.8s
2026-04-05 18:38:42 |     23 |   0.2581 |  -0.8534 |  2.2230 |   0.3111 |    0.5632 |    0.1944 | 5.00e-04 |   0.8s
2026-04-05 18:38:42 |     24 |   0.1556 |  -0.8342 |  1.9795 |   0.3054 |    0.5633 |    0.1939 | 5.00e-04 |   0.8s
2026-04-05 18:38:43 |     25 |   0.2818 |  -0.7717 |  2.1069 |   0.2956 |    0.5603 |    0.1889 | 5.00e-04 |   0.8s
2026-04-05 18:38:44 |     26 |   0.2116 |  -0.8092 |  2.0416 |   0.3176 |    0.5671 |    0.1947 | 5.00e-04 |   0.8s
2026-04-05 18:38:45 |     27 |   0.2791 |  -0.7123 |  1.9829 |   0.3141 |    0.5666 |    0.1974 | 5.00e-04 |   0.8s
2026-04-05 18:38:46 |     28 |   0.1518 |  -0.8445 |  1.9927 |   0.3026 |    0.5615 |    0.1919 | 5.00e-04 |   0.8s
2026-04-05 18:38:47 |     29 |   0.2389 |  -0.8174 |  2.1125 |   0.3033 |    0.5625 |    0.1920 | 5.00e-04 |   0.8s
2026-04-05 18:38:47 |     30 |   0.2874 |  -0.8178 |  2.2104 |   0.2993 |    0.5609 |    0.1901 | 5.00e-04 |   0.8s
2026-04-05 18:38:48 |     31 |   0.2962 |  -0.7727 |  2.1379 |   0.2986 |    0.5601 |    0.1905 | 5.00e-04 |   0.8s
2026-04-05 18:38:49 |     32 |   0.2213 |  -0.7887 |  2.0201 |   0.3053 |    0.5628 |    0.1926 | 5.00e-04 |   0.8s
2026-04-05 18:38:50 |     33 |   0.1880 |  -0.8562 |  2.0885 |   0.3020 |    0.5620 |    0.1918 | 5.00e-04 |   0.8s
2026-04-05 18:38:51 |     34 |   0.1860 |  -0.8219 |  2.0157 |   0.3043 |    0.5612 |    0.1920 | 5.00e-04 |   0.8s
2026-04-05 18:38:51 |     35 |   0.1050 |  -0.8300 |  1.8700 |   0.3025 |    0.5637 |    0.1930 | 5.00e-04 |   0.8s
2026-04-05 18:38:52 |     36 |   0.1241 |  -0.8339 |  1.9159 |   0.3104 |    0.5644 |    0.1925 | 2.50e-04 |   0.8s
2026-04-05 18:38:53 |     37 |   0.1826 |  -0.8777 |  2.1205 |   0.3044 |    0.5617 |    0.1927 | 2.50e-04 |   0.8s
2026-04-05 18:38:54 |     38 |   0.2601 |  -0.8857 |  2.2915 |   0.3093 |    0.5641 |    0.1935 | 2.50e-04 |   0.8s
2026-04-05 18:38:55 |     39 |   0.2768 |  -0.9124 |  2.3784 |   0.3042 |    0.5626 |    0.1916 | 2.50e-04 |   0.8s
2026-04-05 18:38:56 |     40 |   0.2511 |  -0.9831 |  2.4683 |   0.3068 |    0.5631 |    0.1916 | 2.50e-04 |   0.8s
2026-04-05 18:38:56 |     41 |   0.1024 |  -1.0758 |  2.3565 |   0.3049 |    0.5630 |    0.1908 | 2.50e-04 |   0.8s
2026-04-05 18:38:57 |     42 |   0.1503 |  -1.0155 |  2.3315 |   0.3046 |    0.5629 |    0.1913 | 2.50e-04 |   0.8s
2026-04-05 18:38:58 |     43 |   0.1092 |  -1.1471 |  2.5126 |   0.3059 |    0.5624 |    0.1921 | 2.50e-04 |   0.8s
2026-04-05 18:38:59 |     44 |   0.2666 |  -0.8328 |  2.1988 |   0.3112 |    0.5664 |    0.1946 | 2.50e-04 |   0.8s
2026-04-05 18:39:00 |     45 |   0.1273 |  -0.8799 |  2.0143 |   0.3036 |    0.5623 |    0.1916 | 2.50e-04 |   0.8s
2026-04-05 18:39:00 | 
早停于 epoch 45（最佳 val CRPS = 0.1889）
2026-04-05 18:39:00 | 
====================================================
2026-04-05 18:39:00 | TEST SET RESULTS
2026-04-05 18:39:00 | ====================================================
2026-04-05 18:39:00 |   MAE     : 0.2771
2026-04-05 18:39:00 |   RMSE    : 0.5334
2026-04-05 18:39:00 |   CRPS    : 0.1801
2026-04-05 18:39:00 |   PICP    : 0.9996
2026-04-05 18:39:00 |   PINAW   : 0.3121
2026-04-05 18:39:00 | ====================================================
2026-04-05 18:39:00 | History 已保存: result/weather/20260405_183820/history_weather_20260405_183820.json
2026-04-05 18:39:01 | 训练完成，所有结果保存于: result/weather/20260405_183820
