2026-04-17 16:42:26 | ====================================================
GridCFN Configuration (CFM v3)
====================================================

[Data]
  dataset                  = solar
  data_path                = ./data/solar_AL.txt
  T_in                     = 168
  T_out                    = 1
  adj_threshold            = 0.95
  batch_size               = 32

[Model]
  in_dim                   = 1
  gcn_hidden               = 64
  gcn_layers               = 2
  tcn_hidden               = 64
  tcn_layers               = 4
  env_dim                  = 32
  stoch_dim                = 32
  ms_out_dim               = 32
  n_scg_layers             = 3
  out_dim                  = 1
  lambda_mi                = 0.5
  cfm_hidden               = 128
  cfm_time_emb_dim         = 16

[Train]
  lr                       = 0.0005
  max_epochs               = 200
  patience                 = 30
  lr_decay_factor          = 0.5
  lr_decay_patience        = 15
  grad_clip                = 1.0
  weight_decay             = 1e-05
  save_path                = result/solar/20260417_164226/gridcfn_solar_20260417_164226.pt
  seed                     = 42
  warmup_epochs            = 5
  gpu_id                   = -1
  log_dir                  = logs
  log_to_console           = True
  cfm_n_samples            = 50
  cfm_n_samples_test       = 200
  cfm_n_steps              = 20
  cfm_n_t_samples          = 4
====================================================
2026-04-17 16:42:26 | Device     : GPU 0: NVIDIA GeForce RTX 3090 (23.6 GB)
2026-04-17 16:42:26 | Result dir : result/solar/20260417_164226
2026-04-17 16:42:27 | in_dim     : 1
2026-04-17 16:42:27 | Graph      : 137 nodes, 2896 edges
2026-04-17 16:42:27 | Parameters : 235,430

2026-04-17 16:42:28 | 注意：训练中 Val 指标在归一化域（用于早停判断），最终 Test 指标在反 Z-score 域（实际量纲）。
2026-04-17 16:42:28 |  Epoch |     Loss |      CFM |       MI |   VarLoss |  Val MAE |  Val RMSE |  Val CRPS |       LR |   Time
2026-04-17 16:42:28 | ----------------------------------------------------------------------------------------------------------
2026-04-17 16:45:50 |      1 |   0.4294 |   0.4254 |   0.0081 |   -1.0008 |   0.2959 |    0.5282 |    0.2061 | 5.00e-04 | 202.4s
2026-04-17 16:49:14 |      2 |   0.2875 |   0.2849 |   0.0051 |   -1.0379 |   0.2826 |    0.5040 |    0.1942 | 5.00e-04 | 203.5s
2026-04-17 16:52:37 |      3 |   0.2500 |   0.2470 |   0.0059 |   -1.0273 |   0.2867 |    0.5025 |    0.1958 | 5.00e-04 | 203.7s
2026-04-17 16:56:01 |      4 |   0.2372 |   0.2348 |   0.0048 |   -1.0191 |   0.2869 |    0.5018 |    0.1956 | 5.00e-04 | 203.9s
