2026-04-09 15:08:32 | ====================================================
GridCFN Configuration
====================================================

[Data]
  dataset                = electricity
  data_path              = ./data/electricity.txt
  T_in                   = 168
  T_out                  = 1
  adj_threshold          = 0.7
  batch_size             = 16

[Model]
  in_dim                 = 1
  gcn_hidden             = 64
  gcn_layers             = 2
  tcn_hidden             = 64
  tcn_layers             = 4
  env_dim                = 32
  stoch_dim              = 32
  ms_out_dim             = 32
  n_scg_layers           = 3
  out_dim                = 1
  lambda_mi              = 0.5

[Train]
  lr                     = 0.001
  max_epochs             = 200
  patience               = 20
  lr_decay_factor        = 0.5
  lr_decay_patience      = 10
  grad_clip              = 1.0
  weight_decay           = 1e-05
  save_path              = result/electricity/20260409_150832/gridcfn_electricity_20260409_150832.pt
  seed                   = 42
  warmup_epochs          = 5
  gpu_id                 = -1
  log_dir                = logs
  log_to_console         = True
====================================================
2026-04-09 15:08:32 | Device     : GPU 0: NVIDIA GeForce RTX 4090 D  (23.5 GB)
2026-04-09 15:08:32 | Result dir : result/electricity/20260409_150832
2026-04-09 15:08:34 | in_dim     : 1（数据集实际特征维度，已自动覆盖 config）
2026-04-09 15:08:34 | Graph      : 321 nodes, 33357 edges
2026-04-09 15:08:34 | Parameters : 206,469

2026-04-09 15:08:35 |  Epoch |     Loss |      NLL |       MI |   VarLoss |  Val MAE |  Val RMSE |  Val CRPS |       LR |   Time
2026-04-09 15:08:35 | ----------------------------------------------------------------------------------------------------------
2026-04-09 15:11:22 |      1 |  -0.1248 |  -0.1227 |  -0.0043 |   -0.9716 |   0.1434 |    0.4227 |    0.1173 | 1.00e-03 | 167.9s
2026-04-09 15:14:09 |      2 |  -0.5999 |  -0.6000 |   0.0001 |   -1.0795 |   0.1014 |    0.3402 |    0.0812 | 1.00e-03 | 167.0s
2026-04-09 15:16:57 |      3 |  -0.7991 |  -0.7995 |   0.0007 |   -1.0580 |   0.0920 |    0.3151 |    0.0743 | 1.00e-03 | 167.2s
2026-04-09 15:19:44 |      4 |  -0.9165 |  -0.9166 |   0.0002 |   -1.0767 |   0.0890 |    0.3026 |    0.0688 | 1.00e-03 | 167.0s
2026-04-09 15:22:31 |      5 |  -0.9659 |  -0.9660 |   0.0002 |   -1.0786 |   0.0984 |    0.3472 |    0.0769 | 1.00e-03 | 167.2s
2026-04-09 15:25:19 |      6 |  -1.0016 |  -1.0017 |   0.0001 |   -1.0791 |   0.0916 |    0.3573 |    0.0733 | 1.00e-03 | 168.0s
2026-04-09 15:28:06 |      7 |  -1.0374 |  -1.0375 |   0.0002 |   -1.0767 |   0.0840 |    0.2960 |    0.0657 | 1.00e-03 | 167.5s
2026-04-09 15:30:53 |      8 |  -1.0584 |  -1.0588 |   0.0008 |   -1.0639 |   0.0814 |    0.3050 |    0.0653 | 1.00e-03 | 166.9s
2026-04-09 15:33:40 |      9 |  -1.0612 |  -1.0640 |   0.0056 |   -0.9395 |   0.0814 |    0.3055 |    0.0648 | 1.00e-03 | 167.0s
2026-04-09 15:36:27 |     10 |  -1.0968 |  -1.0969 |   0.0003 |   -1.0614 |   0.0839 |    0.3097 |    0.0675 | 1.00e-03 | 166.7s
2026-04-09 15:39:14 |     11 |  -1.0876 |  -1.0906 |   0.0060 |   -0.9481 |   0.0855 |    0.3117 |    0.0673 | 1.00e-03 | 167.0s
2026-04-09 15:42:01 |     12 |  -1.1089 |  -1.1119 |   0.0060 |   -1.0037 |   0.0784 |    0.2961 |    0.0626 | 1.00e-03 | 167.3s
2026-04-09 15:44:48 |     13 |  -1.1266 |  -1.1272 |   0.0014 |   -1.0542 |   0.0767 |    0.2978 |    0.0629 | 1.00e-03 | 166.8s
2026-04-09 15:47:36 |     14 |  -1.1366 |  -1.1366 |   0.0001 |   -1.0797 |   0.0778 |    0.2963 |    0.0638 | 1.00e-03 | 167.3s
2026-04-09 15:50:23 |     15 |  -1.1395 |  -1.1395 |   0.0000 |   -0.9696 |   0.0801 |    0.3147 |    0.0660 | 1.00e-03 | 167.2s
2026-04-09 15:53:10 |     16 |  -1.1489 |  -1.1489 |   0.0000 |   -1.0751 |   0.0735 |    0.2955 |    0.0621 | 1.00e-03 | 167.2s
2026-04-09 15:55:57 |     17 |  -1.1529 |  -1.1530 |   0.0002 |   -1.0788 |   0.0794 |    0.3066 |    0.0658 | 1.00e-03 | 166.9s
2026-04-09 15:58:44 |     18 |  -1.1606 |  -1.1607 |   0.0001 |   -1.0804 |   0.0778 |    0.2994 |    0.0647 | 1.00e-03 | 167.0s
2026-04-09 16:01:31 |     19 |  -1.1605 |  -1.1606 |   0.0001 |   -1.0775 |   0.0815 |    0.3144 |    0.0662 | 1.00e-03 | 167.0s
2026-04-09 16:04:18 |     20 |  -1.1649 |  -1.1650 |   0.0001 |   -1.0711 |   0.0760 |    0.3244 |    0.0634 | 1.00e-03 | 166.7s
2026-04-09 16:07:04 |     21 |  -1.1499 |  -1.1499 |   0.0001 |   -1.0670 |   0.0706 |    0.2825 |    0.0596 | 1.00e-03 | 166.7s
2026-04-09 16:09:51 |     22 |  -1.1720 |  -1.1720 |   0.0001 |   -1.0678 |   0.0714 |    0.2894 |    0.0605 | 1.00e-03 | 166.8s
2026-04-09 16:12:38 |     23 |  -1.1740 |  -1.1741 |   0.0002 |   -1.0607 |   0.0778 |    0.3018 |    0.0647 | 1.00e-03 | 166.7s
2026-04-09 16:15:25 |     24 |  -1.1740 |  -1.1740 |  -0.0000 |   -0.8949 |   0.0830 |    0.3311 |    0.0682 | 1.00e-03 | 167.0s
2026-04-09 16:18:11 |     25 |  -1.1778 |  -1.1778 |   0.0001 |   -1.0362 |   0.0777 |    0.3077 |    0.0643 | 1.00e-03 | 166.5s
2026-04-09 16:20:58 |     26 |  -1.1827 |  -1.1828 |   0.0002 |   -1.0064 |   0.0781 |    0.3123 |    0.0662 | 1.00e-03 | 166.9s
2026-04-09 16:23:45 |     27 |  -1.1768 |  -1.1769 |   0.0001 |   -1.0633 |   0.0856 |    0.3276 |    0.0705 | 1.00e-03 | 166.8s
2026-04-09 16:26:32 |     28 |  -1.1869 |  -1.1869 |   0.0001 |   -1.0706 |   0.0739 |    0.2918 |    0.0622 | 1.00e-03 | 167.4s
2026-04-09 16:29:20 |     29 |  -1.1862 |  -1.1862 |   0.0001 |   -1.0792 |   0.0788 |    0.3008 |    0.0652 | 1.00e-03 | 167.2s
2026-04-09 16:32:07 |     30 |  -1.1876 |  -1.1877 |   0.0001 |   -1.0784 |   0.0739 |    0.2948 |    0.0629 | 1.00e-03 | 167.8s
2026-04-09 16:34:55 |     31 |  -1.1912 |  -1.1913 |   0.0001 |   -1.0780 |   0.0775 |    0.3018 |    0.0651 | 1.00e-03 | 167.9s
2026-04-09 16:37:44 |     32 |  -1.1904 |  -1.1905 |   0.0001 |   -1.0678 |   0.0756 |    0.3024 |    0.0641 | 5.00e-04 | 168.7s
2026-04-09 16:40:35 |     33 |  -1.2175 |  -1.2176 |   0.0001 |   -1.0736 |   0.0783 |    0.3348 |    0.0658 | 5.00e-04 | 170.8s
2026-04-09 16:43:23 |     34 |  -1.2186 |  -1.2187 |   0.0001 |   -1.0750 |   0.0826 |    0.3639 |    0.0697 | 5.00e-04 | 168.6s
2026-04-09 16:46:11 |     35 |  -1.2183 |  -1.2187 |   0.0008 |   -1.0664 |   0.0823 |    0.3595 |    0.0690 | 5.00e-04 | 167.8s
2026-04-09 16:48:59 |     36 |  -1.2209 |  -1.2211 |   0.0003 |   -1.0669 |   0.0867 |    0.4251 |    0.0742 | 5.00e-04 | 167.7s
2026-04-09 16:51:46 |     37 |  -1.2183 |  -1.2185 |   0.0004 |   -1.0639 |   0.0903 |    0.4342 |    0.0771 | 5.00e-04 | 167.3s
2026-04-09 16:54:34 |     38 |  -1.2155 |  -1.2155 |   0.0001 |   -1.0786 |   0.0801 |    0.3483 |    0.0681 | 5.00e-04 | 167.7s
2026-04-09 16:57:22 |     39 |  -1.2175 |  -1.2176 |   0.0003 |   -1.0641 |   0.0775 |    0.3219 |    0.0662 | 5.00e-04 | 167.7s
2026-04-09 17:00:09 |     40 |  -1.2166 |  -1.2166 |   0.0001 |   -1.0769 |   0.0885 |    0.4188 |    0.0750 | 5.00e-04 | 167.4s
2026-04-09 17:02:56 |     41 |  -1.2140 |  -1.2141 |   0.0002 |   -1.0774 |   0.0817 |    0.3473 |    0.0701 | 5.00e-04 | 167.5s
2026-04-09 17:02:56 | 
早停于 epoch 41（最佳 val CRPS=0.0596）
2026-04-09 17:03:14 | 
====================================================
TEST SET RESULTS
====================================================
2026-04-09 17:03:14 |   MAE     : 0.0787
2026-04-09 17:03:14 |   RMSE    : 0.3428
2026-04-09 17:03:14 |   CRPS    : 0.0688
2026-04-09 17:03:14 |   PICP    : 0.9685
2026-04-09 17:03:14 |   PINAW   : 0.0117
2026-04-09 17:03:14 | ====================================================
2026-04-09 17:03:19 | History 已保存: result/electricity/20260409_150832/history_electricity_20260409_150832.json
2026-04-09 17:03:19 | 训练完成，所有结果保存于: result/electricity/20260409_150832
