2026-04-20 16:56:21 | ====================================================
GridCFN Configuration (CFM v3)
====================================================

[Data]
  dataset                  = electricity
  data_path                = ./data/electricity.txt
  T_in                     = 168
  T_out                    = 1
  adj_threshold            = 0.7
  batch_size               = 32

[Model]
  in_dim                   = 1
  gcn_hidden               = 64
  gcn_layers               = 2
  tcn_hidden               = 64
  tcn_layers               = 4
  env_dim                  = 32
  stoch_dim                = 32
  ms_out_dim               = 32
  n_scg_layers             = 3
  out_dim                  = 1
  lambda_mi                = 0.1
  cfm_hidden               = 128
  cfm_time_emb_dim         = 16

[Train]
  lr                       = 0.001
  max_epochs               = 200
  patience                 = 25
  lr_decay_factor          = 0.5
  lr_decay_patience        = 12
  grad_clip                = 1.0
  weight_decay             = 1e-05
  save_path                = result/electricity/20260420_165621/gridcfn_electricity_20260420_165621.pt
  seed                     = 42
  warmup_epochs            = 5
  gpu_id                   = -1
  log_dir                  = logs
  log_to_console           = True
  cfm_n_samples            = 50
  cfm_n_samples_test       = 200
  cfm_n_steps              = 20
  cfm_n_t_samples          = 4
====================================================
2026-04-20 16:56:21 | Device     : GPU 0: NVIDIA GeForce RTX 3090 (23.6 GB)
2026-04-20 16:56:21 | Result dir : result/electricity/20260420_165621
2026-04-20 16:56:21 | in_dim     : 1
2026-04-20 16:56:21 | Graph      : 321 nodes, 34512 edges
2026-04-20 16:56:22 | Parameters : 235,430

2026-04-20 16:56:22 | 注意：训练中 Val 指标在归一化域（用于早停判断），最终 Test 指标在反 Z-score 域（实际量纲）。
2026-04-20 16:56:22 |  Epoch |     Loss |      CFM |       MI |   VarLoss |  Val MAE |  Val RMSE |  Val CRPS |       LR |   Time
2026-04-20 16:56:22 | ----------------------------------------------------------------------------------------------------------
2026-04-20 17:00:51 |      1 |   1.0583 |   1.0547 |   0.0358 |   -0.9739 |   0.4439 |    0.6316 |    0.3224 | 1.00e-03 | 268.9s
