2026-04-22 21:07:09 | ====================================================
GridCFN Configuration (CFM v4)
====================================================

[Data]
  dataset                  = electricity
  data_path                = ./data/electricity.txt
  T_in                     = 168
  T_out                    = 1
  adj_threshold            = 0.6
  batch_size               = 32

[Model]
  in_dim                   = 1
  gcn_hidden               = 64
  gcn_layers               = 2
  tcn_hidden               = 64
  tcn_layers               = 4
  env_dim                  = 32
  stoch_dim                = 32
  ms_out_dim               = 32
  n_scg_layers             = 3
  out_dim                  = 1
  lambda_mi                = 0.05
  cfm_hidden               = 128
  cfm_time_emb_dim         = 16
  chunk_size               = 16384

[Train]
  lr                       = 0.001
  max_epochs               = 200
  patience                 = 25
  lr_decay_factor          = 0.5
  lr_decay_patience        = 12
  grad_clip                = 1.0
  weight_decay             = 1e-05
  save_path                = result/electricity/20260422_210709/gridcfn_electricity_20260422_210709.pt
  seed                     = 42
  warmup_epochs            = 8
  gpu_id                   = -1
  log_dir                  = logs
  log_to_console           = True
  cfm_n_samples            = 50
  cfm_n_samples_test       = 200
  cfm_n_steps              = 20
  cfm_n_t_samples          = 4
====================================================
2026-04-22 21:07:09 | Device     : GPU 0: NVIDIA GeForce RTX 3090 (23.6 GB)
2026-04-22 21:07:09 | Result dir : result/electricity/20260422_210709
2026-04-22 21:07:10 | in_dim     : 1
2026-04-22 21:07:10 | Graph      : 321 nodes, 40280 edges
2026-04-22 21:07:10 | Parameters : 340,772

2026-04-22 21:07:10 | 注意：训练中 Val 指标在归一化域（用于早停判断），最终 Test 指标在反 Z-score 域（实际量纲）。
2026-04-22 21:07:10 | [v5-fix] CLUB 在 warmup (8 epochs) 后开始训练，club_lr=5.00e-04，MI clamp 保护已启用
2026-04-22 21:07:10 |  Epoch |     Loss |      CFM |       MI |   VarLoss |  Val MAE |  Val RMSE |  Val CRPS |       LR |   Time
2026-04-22 21:07:10 | ----------------------------------------------------------------------------------------------------------
2026-04-22 21:13:14 |      1 |   0.4433 |   0.4433 |   0.0000 |    0.0000 |   0.1300 |    0.3746 |    0.1093 | 1.00e-03 | 364.0s
2026-04-22 21:19:19 |      2 |   0.2478 |   0.2478 |   0.0000 |    0.0000 |   0.1248 |    0.3490 |    0.0983 | 1.00e-03 | 364.5s
2026-04-22 21:25:24 |      3 |   0.2205 |   0.2205 |   0.0000 |    0.0000 |   0.1064 |    0.3329 |    0.0786 | 1.00e-03 | 365.2s
2026-04-22 21:31:30 |      4 |   0.1982 |   0.1982 |   0.0000 |    0.0000 |   0.1043 |    0.3173 |    0.0745 | 1.00e-03 | 365.7s
2026-04-22 21:37:35 |      5 |   0.1812 |   0.1812 |   0.0000 |    0.0000 |   0.1017 |    0.2918 |    0.0703 | 1.00e-03 | 365.6s
2026-04-22 21:43:41 |      6 |   0.1560 |   0.1560 |   0.0000 |    0.0000 |   0.0840 |    0.3149 |    0.0632 | 1.00e-03 | 365.8s
2026-04-22 21:49:47 |      7 |   0.1412 |   0.1412 |   0.0000 |    0.0000 |   0.0766 |    0.2680 |    0.0537 | 1.00e-03 | 365.8s
2026-04-22 21:55:53 |      8 |   0.1281 |   0.1281 |   0.0000 |    0.0000 |   0.0702 |    0.2395 |    0.0476 | 1.00e-03 | 365.8s
2026-04-22 22:02:00 |      9 |   0.0913 |   0.1139 |  -0.5200 |    1.8922 |   0.0698 |    0.2608 |    0.0493 | 1.00e-03 | 367.5s
2026-04-22 22:08:08 |     10 |   0.0735 |   0.0982 |  -0.5529 |    1.7050 |   0.0526 |    0.2308 |    0.0366 | 1.00e-03 | 367.8s
2026-04-22 22:14:16 |     11 |   0.0656 |   0.0903 |  -0.5411 |    1.5236 |   0.0512 |    0.2233 |    0.0357 | 1.00e-03 | 367.5s
2026-04-22 22:20:23 |     12 |   0.0606 |   0.0853 |  -0.5315 |    1.4680 |   0.0514 |    0.2262 |    0.0361 | 1.00e-03 | 367.7s
2026-04-22 22:26:31 |     13 |   0.0585 |   0.0832 |  -0.5387 |    1.4825 |   0.0437 |    0.1949 |    0.0305 | 1.00e-03 | 367.9s
2026-04-22 22:32:39 |     14 |   0.0549 |   0.0795 |  -0.5338 |    1.5687 |   0.0491 |    0.2084 |    0.0350 | 1.00e-03 | 367.5s
2026-04-22 22:38:46 |     15 |   0.0503 |   0.0746 |  -0.5140 |    1.5756 |   0.0375 |    0.1717 |    0.0275 | 1.00e-03 | 367.4s
2026-04-22 22:44:54 |     16 |   0.0452 |   0.0694 |  -0.5215 |    1.6133 |   0.0322 |    0.1303 |    0.0234 | 1.00e-03 | 367.5s
2026-04-22 22:51:01 |     17 |   0.0338 |   0.0585 |  -0.5387 |    1.6603 |   0.0352 |    0.1537 |    0.0260 | 1.00e-03 | 367.4s
2026-04-22 22:57:08 |     18 |   0.0269 |   0.0517 |  -0.5377 |    1.6739 |   0.0307 |    0.1442 |    0.0225 | 1.00e-03 | 367.1s
2026-04-22 23:03:16 |     19 |   0.0223 |   0.0471 |  -0.5546 |    1.7241 |   0.0247 |    0.0990 |    0.0184 | 1.00e-03 | 367.6s
2026-04-22 23:09:23 |     20 |   0.0216 |   0.0462 |  -0.5424 |    1.7443 |   0.0285 |    0.1451 |    0.0213 | 1.00e-03 | 367.4s
2026-04-22 23:15:31 |     21 |   0.0193 |   0.0440 |  -0.5542 |    1.7653 |   0.0231 |    0.1065 |    0.0171 | 1.00e-03 | 367.2s
2026-04-22 23:21:37 |     22 |   0.0197 |   0.0441 |  -0.5585 |    1.7553 |   0.0207 |    0.0876 |    0.0156 | 1.00e-03 | 366.9s
2026-04-22 23:27:45 |     23 |   0.0150 |   0.0399 |  -0.5475 |    1.7223 |   0.0203 |    0.0839 |    0.0149 | 1.00e-03 | 367.1s
2026-04-22 23:33:52 |     24 |   0.0153 |   0.0401 |  -0.5377 |    1.7205 |   0.0222 |    0.0934 |    0.0167 | 1.00e-03 | 367.1s
