2026-03-26 16:59:52 | ====================================================
GridCFN Configuration
====================================================

[Data]
  dataset                = solar
  data_path              = ./data/solar_AL.txt
  T_in                   = 168
  T_out                  = 1
  adj_threshold          = 0.95
  batch_size             = 32
  synthetic_T            = 2000
  synthetic_N            = 20
  synthetic_F            = 1

[Model]
  in_dim                 = 1
  gcn_hidden             = 64
  gcn_layers             = 2
  tcn_hidden             = 64
  tcn_layers             = 4
  env_dim                = 32
  stoch_dim              = 32
  ms_out_dim             = 32
  n_scg_layers           = 3
  out_dim                = 1
  lambda_mi              = 0.5

[Train]
  lr                     = 0.0005
  max_epochs             = 200
  patience               = 20
  lr_decay_factor        = 0.5
  lr_decay_patience      = 10
  grad_clip              = 1.0
  weight_decay           = 1e-05
  save_path              = best_model.pt
  seed                   = 42
  warmup_epochs          = 5
  gpu_id                 = -1
  log_dir                = logs
  log_to_console         = True
====================================================
2026-03-26 16:59:52 | Device : GPU 0: NVIDIA GeForce RTX 3090  (23.6 GB)
2026-03-26 16:59:53 | Parameters : 201,990

2026-03-26 16:59:53 |  Epoch | Train Loss |  Val MAE |  Val RMSE |  Val CRPS |       LR |   Time
2026-03-26 16:59:53 | --------------------------------------------------------------------------
2026-03-26 17:06:15 |      1 |    -1.0681 |   1.4541 |    3.7634 |    1.1410 | 5.00e-04 | 381.4s
2026-03-26 17:12:41 |      2 |    -1.5892 |   1.4873 |    3.6573 |    1.0989 | 5.00e-04 | 386.0s
2026-03-26 17:19:10 |      3 |    -1.3166 |   1.7095 |    3.9079 |    1.2748 | 5.00e-04 | 389.1s
2026-03-26 17:25:39 |      4 |    -1.4082 |   1.4735 |    3.6592 |    1.1115 | 5.00e-04 | 388.8s
2026-03-26 17:32:07 |      5 |    -1.3053 |   2.7213 |    5.1504 |    1.8691 | 5.00e-04 | 388.6s
2026-03-26 17:38:36 |      6 |    -2.3210 |   1.9584 |    4.3565 |    1.4372 | 5.00e-04 | 388.9s
2026-03-26 17:45:05 |      7 |    -0.8987 |   1.6549 |    4.0584 |    1.2783 | 5.00e-04 | 389.0s
2026-03-26 17:51:34 |      8 |    -0.8257 |   1.6370 |    3.8982 |    1.2353 | 5.00e-04 | 389.1s
2026-03-26 17:58:03 |      9 |    -0.8940 |   2.7785 |    5.5364 |    2.0582 | 5.00e-04 | 389.1s
2026-03-26 18:04:33 |     10 |    -1.1280 |   1.5781 |    3.8359 |    1.1943 | 5.00e-04 | 389.2s
2026-03-26 18:11:02 |     11 |    -0.7564 |   1.8762 |    4.3147 |    1.4313 | 5.00e-04 | 389.1s
2026-03-26 18:17:31 |     12 |    -1.0144 |   1.6067 |    3.8645 |    1.2007 | 5.00e-04 | 389.4s
2026-03-26 18:24:00 |     13 |    -0.7818 |   1.7731 |    4.0282 |    1.3273 | 2.50e-04 | 389.3s
2026-03-26 18:30:29 |     14 |    -1.5130 |   1.4939 |    3.7117 |    1.1561 | 2.50e-04 | 389.1s
2026-03-26 18:36:58 |     15 |    -1.6584 |   1.5577 |    3.8213 |    1.1810 | 2.50e-04 | 389.0s
2026-03-26 18:43:28 |     16 |    -1.6309 |   1.6742 |    4.1526 |    1.2830 | 2.50e-04 | 389.1s
2026-03-26 18:49:56 |     17 |    -1.8116 |   1.6558 |    3.9635 |    1.2599 | 2.50e-04 | 389.0s
2026-03-26 18:56:25 |     18 |    -1.4311 |   1.4756 |    3.6674 |    1.1169 | 2.50e-04 | 389.0s
2026-03-26 19:02:54 |     19 |    -1.6939 |   1.5292 |    3.7592 |    1.1370 | 2.50e-04 | 389.0s
2026-03-26 19:09:23 |     20 |    -1.6611 |   1.9444 |    4.3576 |    1.3984 | 2.50e-04 | 388.9s
2026-03-26 19:15:52 |     21 |    -1.4878 |   1.7335 |    4.1709 |    1.3212 | 2.50e-04 | 388.9s
2026-03-26 19:22:21 |     22 |    -1.4484 |   1.9765 |    4.3514 |    1.4123 | 2.50e-04 | 388.8s
2026-03-26 19:22:21 | 
早停于 epoch 22（最佳 val CRPS = 1.0989）
2026-03-26 19:22:47 | 
====================================================
2026-03-26 19:22:47 | TEST SET RESULTS
2026-03-26 19:22:47 | ====================================================
2026-03-26 19:22:47 |   MAE     : 1.2791
2026-03-26 19:22:47 |   RMSE    : 3.2776
2026-03-26 19:22:47 |   CRPS    : 0.9390
2026-03-26 19:22:47 |   PICP    : 0.9684
2026-03-26 19:22:47 |   PINAW   : 0.0784
2026-03-26 19:22:47 | ====================================================
