2026-04-16 17:11:17 | ====================================================
GridCFN Configuration (CFM v2)
====================================================

[Data]
  dataset                  = electricity
  data_path                = ./data/electricity.txt
  T_in                     = 168
  T_out                    = 1
  adj_threshold            = 0.7
  batch_size               = 32

[Model]
  in_dim                   = 1
  gcn_hidden               = 64
  gcn_layers               = 2
  tcn_hidden               = 64
  tcn_layers               = 4
  env_dim                  = 32
  stoch_dim                = 32
  ms_out_dim               = 32
  n_scg_layers             = 3
  out_dim                  = 1
  lambda_mi                = 0.5
  cfm_hidden               = 128
  cfm_time_emb_dim         = 16

[Train]
  lr                       = 0.001
  max_epochs               = 200
  patience                 = 20
  lr_decay_factor          = 0.5
  lr_decay_patience        = 10
  grad_clip                = 1.0
  weight_decay             = 1e-05
  save_path                = result/electricity/20260416_171117/gridcfn_electricity_20260416_171117.pt
  seed                     = 42
  warmup_epochs            = 5
  gpu_id                   = -1
  log_dir                  = logs
  log_to_console           = True
  cfm_n_samples            = 10
  cfm_n_steps              = 20
  cfm_n_t_samples          = 4
====================================================
2026-04-16 17:11:17 | Device     : GPU 0: NVIDIA GeForce RTX 3090  (23.6 GB)
2026-04-16 17:11:17 | Result dir : result/electricity/20260416_171117
2026-04-16 17:11:19 | in_dim     : 1（数据集实际特征维度）
2026-04-16 17:11:19 | Graph      : 321 nodes, 34512 edges
2026-04-16 17:11:19 | Parameters : 235,430

2026-04-16 17:11:19 |  Epoch |     Loss |      CFM |       MI |   VarLoss |  Val MAE |  Val RMSE |  Val CRPS |       LR |   Time
2026-04-16 17:11:19 | ----------------------------------------------------------------------------------------------------------
2026-04-16 17:15:26 |      1 |   1.0691 |   1.0652 |   0.0079 |   -0.9966 |   0.4648 |    0.6418 |    0.3380 | 1.00e-03 | 246.9s
2026-04-16 17:19:34 |      2 |   0.8145 |   0.8111 |   0.0068 |   -1.0423 |   0.4031 |    0.5783 |    0.2890 | 1.00e-03 | 247.4s
2026-04-16 17:23:41 |      3 |   0.7028 |   0.6981 |   0.0094 |   -1.0316 |   0.3631 |    0.5590 |    0.2646 | 1.00e-03 | 247.4s
2026-04-16 17:27:49 |      4 |   0.6223 |   0.6165 |   0.0115 |   -1.0254 |   0.3441 |    0.5327 |    0.2510 | 1.00e-03 | 247.4s
2026-04-16 17:31:56 |      5 |   0.5807 |   0.5780 |   0.0054 |   -0.9747 |   0.3145 |    0.4948 |    0.2239 | 1.00e-03 | 247.3s
2026-04-16 17:36:03 |      6 |   0.5465 |   0.5469 |  -0.0009 |   -0.8796 |   0.3194 |    0.4991 |    0.2291 | 1.00e-03 | 247.6s
2026-04-16 17:40:11 |      7 |   0.5141 |   0.5101 |   0.0079 |   -0.8862 |   0.2941 |    0.4659 |    0.2141 | 1.00e-03 | 247.5s
2026-04-16 17:44:18 |      8 |   0.4732 |   0.4714 |   0.0036 |   -0.8470 |   0.2883 |    0.4659 |    0.2076 | 1.00e-03 | 247.5s
2026-04-16 17:48:26 |      9 |   0.4404 |   0.4396 |   0.0016 |   -0.7197 |   0.2439 |    0.4119 |    0.1749 | 1.00e-03 | 247.3s
2026-04-16 17:52:33 |     10 |   0.4141 |   0.4126 |   0.0030 |   -0.6771 |   0.2605 |    0.4373 |    0.1898 | 1.00e-03 | 247.6s
2026-04-16 17:56:41 |     11 |   0.3914 |   0.3874 |   0.0080 |   -0.6786 |   0.2385 |    0.4101 |    0.1741 | 1.00e-03 | 247.4s
2026-04-16 18:00:48 |     12 |   0.3647 |   0.3620 |   0.0055 |   -0.6763 |   0.2131 |    0.3751 |    0.1563 | 1.00e-03 | 247.6s
2026-04-16 18:04:56 |     13 |   0.3455 |   0.3416 |   0.0077 |   -0.6938 |   0.1908 |    0.3507 |    0.1381 | 1.00e-03 | 247.6s
2026-04-16 18:09:04 |     14 |   0.3290 |   0.3245 |   0.0090 |   -0.6910 |   0.1847 |    0.3391 |    0.1337 | 1.00e-03 | 248.1s
2026-04-16 18:13:11 |     15 |   0.3109 |   0.3073 |   0.0073 |   -0.6741 |   0.2026 |    0.3636 |    0.1488 | 1.00e-03 | 247.1s
2026-04-16 18:17:18 |     16 |   0.3047 |   0.3003 |   0.0088 |   -0.6693 |   0.2040 |    0.3516 |    0.1499 | 1.00e-03 | 247.0s
2026-04-16 18:21:25 |     17 |   0.2913 |   0.2903 |   0.0020 |   -0.6274 |   0.1655 |    0.3225 |    0.1189 | 1.00e-03 | 247.2s
2026-04-16 18:25:32 |     18 |   0.2752 |   0.2724 |   0.0055 |   -0.6245 |   0.1813 |    0.3397 |    0.1314 | 1.00e-03 | 247.1s
2026-04-16 18:29:40 |     19 |   0.2684 |   0.2680 |   0.0008 |   -0.6040 |   0.1711 |    0.3225 |    0.1247 | 1.00e-03 | 247.2s
2026-04-16 18:33:47 |     20 |   0.2619 |   0.2617 |   0.0004 |   -0.5718 |   0.1607 |    0.3169 |    0.1167 | 1.00e-03 | 247.2s
2026-04-16 18:37:54 |     21 |   0.2580 |   0.2551 |   0.0057 |   -0.6129 |   0.1699 |    0.3351 |    0.1252 | 1.00e-03 | 246.9s
2026-04-16 18:42:01 |     22 |   0.2522 |   0.2482 |   0.0081 |   -0.6213 |   0.1624 |    0.3263 |    0.1182 | 1.00e-03 | 247.0s
2026-04-16 18:46:08 |     23 |   0.2357 |   0.2354 |   0.0008 |   -0.6298 |   0.1574 |    0.3220 |    0.1141 | 1.00e-03 | 247.2s
2026-04-16 18:50:15 |     24 |   0.2393 |   0.2370 |   0.0045 |   -0.6156 |   0.1586 |    0.3234 |    0.1156 | 1.00e-03 | 246.9s
2026-04-16 18:54:22 |     25 |   0.2363 |   0.2387 |  -0.0048 |   -0.5280 |   0.1541 |    0.3138 |    0.1111 | 1.00e-03 | 246.9s
2026-04-16 18:58:29 |     26 |   0.2363 |   0.2422 |  -0.0118 |   -0.4459 |   0.1817 |    0.3477 |    0.1368 | 1.00e-03 | 247.3s
2026-04-16 19:02:36 |     27 |   0.2330 |   0.2373 |  -0.0086 |   -0.4711 |   0.1847 |    0.3540 |    0.1377 | 1.00e-03 | 247.2s
2026-04-16 19:06:43 |     28 |   0.2363 |   0.2335 |   0.0058 |   -0.5748 |   0.1912 |    0.3747 |    0.1449 | 1.00e-03 | 247.2s
2026-04-16 19:10:50 |     29 |   0.2264 |   0.2264 |   0.0001 |   -0.5830 |   0.1572 |    0.3201 |    0.1140 | 1.00e-03 | 246.7s
2026-04-16 19:14:57 |     30 |   0.2279 |   0.2305 |  -0.0052 |   -0.5235 |   0.1513 |    0.3129 |    0.1095 | 1.00e-03 | 246.8s
2026-04-16 19:19:04 |     31 |   0.2261 |   0.2277 |  -0.0031 |   -0.5055 |   0.1622 |    0.3354 |    0.1192 | 1.00e-03 | 246.9s
2026-04-16 19:23:11 |     32 |   0.2194 |   0.2235 |  -0.0081 |   -0.4858 |   0.1424 |    0.3096 |    0.1029 | 1.00e-03 | 246.8s
2026-04-16 19:27:17 |     33 |   0.2222 |   0.2228 |  -0.0011 |   -0.5125 |   0.1764 |    0.3492 |    0.1320 | 1.00e-03 | 246.5s
2026-04-16 19:31:24 |     34 |   0.2214 |   0.2192 |   0.0043 |   -0.5437 |   0.1612 |    0.3322 |    0.1189 | 1.00e-03 | 247.1s
2026-04-16 19:35:31 |     35 |   0.2131 |   0.2127 |   0.0008 |   -0.5367 |   0.1424 |    0.3050 |    0.1027 | 1.00e-03 | 247.1s
2026-04-16 19:39:38 |     36 |   0.2321 |   0.2280 |   0.0084 |   -0.5757 |   0.1793 |    0.3602 |    0.1343 | 1.00e-03 | 246.9s
2026-04-16 19:43:46 |     37 |   0.2144 |   0.2122 |   0.0044 |   -0.5729 |   0.1435 |    0.3104 |    0.1037 | 1.00e-03 | 247.3s
2026-04-16 19:47:53 |     38 |   0.2173 |   0.2155 |   0.0036 |   -0.5589 |   0.1454 |    0.3155 |    0.1060 | 1.00e-03 | 247.1s
2026-04-16 19:52:00 |     39 |   0.2147 |   0.2129 |   0.0035 |   -0.5668 |   0.1899 |    0.3765 |    0.1457 | 1.00e-03 | 247.0s
2026-04-16 19:56:07 |     40 |   0.2112 |   0.2096 |   0.0033 |   -0.6077 |   0.1708 |    0.3550 |    0.1288 | 1.00e-03 | 247.7s
2026-04-16 20:00:14 |     41 |   0.2062 |   0.2049 |   0.0025 |   -0.6118 |   0.1698 |    0.3551 |    0.1272 | 1.00e-03 | 247.2s
2026-04-16 20:04:22 |     42 |   0.2118 |   0.2087 |   0.0062 |   -0.6423 |   0.1803 |    0.3614 |    0.1374 | 1.00e-03 | 247.3s
2026-04-16 20:08:29 |     43 |   0.2048 |   0.2030 |   0.0037 |   -0.6430 |   0.1497 |    0.3201 |    0.1098 | 1.00e-03 | 246.9s
2026-04-16 20:12:35 |     44 |   0.2090 |   0.2067 |   0.0047 |   -0.6500 |   0.1390 |    0.3070 |    0.1008 | 1.00e-03 | 246.8s
2026-04-16 20:16:43 |     45 |   0.2014 |   0.1997 |   0.0033 |   -0.6572 |   0.1386 |    0.3066 |    0.1000 | 1.00e-03 | 247.9s
2026-04-16 20:20:51 |     46 |   0.2056 |   0.2038 |   0.0037 |   -0.6709 |   0.1502 |    0.3190 |    0.1099 | 1.00e-03 | 247.3s
2026-04-16 20:24:58 |     47 |   0.2010 |   0.1998 |   0.0025 |   -0.6571 |   0.1467 |    0.3191 |    0.1074 | 1.00e-03 | 246.9s
2026-04-16 20:29:05 |     48 |   0.1983 |   0.1969 |   0.0028 |   -0.6506 |   0.1885 |    0.3660 |    0.1450 | 1.00e-03 | 247.7s
2026-04-16 20:33:12 |     49 |   0.2123 |   0.2099 |   0.0049 |   -0.6674 |   0.1387 |    0.3039 |    0.1001 | 1.00e-03 | 247.0s
2026-04-16 20:37:19 |     50 |   0.1953 |   0.1938 |   0.0030 |   -0.6654 |   0.1318 |    0.2978 |    0.0945 | 1.00e-03 | 246.5s
2026-04-16 20:41:26 |     51 |   0.2004 |   0.1985 |   0.0038 |   -0.6630 |   0.1353 |    0.3019 |    0.0976 | 1.00e-03 | 247.0s
2026-04-16 20:45:33 |     52 |   0.2007 |   0.1990 |   0.0035 |   -0.6686 |   0.1342 |    0.3022 |    0.0968 | 1.00e-03 | 246.9s
2026-04-16 20:49:39 |     53 |   0.1935 |   0.1921 |   0.0027 |   -0.6714 |   0.1428 |    0.3129 |    0.1044 | 1.00e-03 | 246.6s
2026-04-16 20:53:46 |     54 |   0.1934 |   0.1921 |   0.0026 |   -0.6706 |   0.1436 |    0.3110 |    0.1043 | 1.00e-03 | 246.7s
2026-04-16 20:57:53 |     55 |   0.1988 |   0.1975 |   0.0027 |   -0.6653 |   0.1404 |    0.3128 |    0.1024 | 1.00e-03 | 246.9s
2026-04-16 21:02:00 |     56 |   0.1904 |   0.1893 |   0.0021 |   -0.6657 |   0.1480 |    0.3182 |    0.1088 | 1.00e-03 | 247.0s
2026-04-16 21:06:07 |     57 |   0.2024 |   0.2014 |   0.0022 |   -0.6602 |   0.1723 |    0.3567 |    0.1281 | 1.00e-03 | 246.7s
2026-04-16 21:10:14 |     58 |   0.1940 |   0.1929 |   0.0021 |   -0.6514 |   0.1549 |    0.3488 |    0.1161 | 1.00e-03 | 247.5s
2026-04-16 21:14:22 |     59 |   0.1913 |   0.1903 |   0.0020 |   -0.6516 |   0.1342 |    0.3005 |    0.0970 | 1.00e-03 | 247.7s
2026-04-16 21:18:29 |     60 |   0.1891 |   0.1880 |   0.0022 |   -0.6566 |   0.1486 |    0.3231 |    0.1099 | 1.00e-03 | 247.3s
2026-04-16 21:22:37 |     61 |   0.1943 |   0.1933 |   0.0020 |   -0.6569 |   0.1382 |    0.3096 |    0.1005 | 5.00e-04 | 248.3s
2026-04-16 21:26:45 |     62 |   0.1836 |   0.1821 |   0.0029 |   -0.6720 |   0.1378 |    0.3093 |    0.1008 | 5.00e-04 | 247.4s
2026-04-16 21:30:53 |     63 |   0.1847 |   0.1835 |   0.0025 |   -0.6784 |   0.1376 |    0.3078 |    0.1005 | 5.00e-04 | 247.8s
2026-04-16 21:34:59 |     64 |   0.1826 |   0.1814 |   0.0024 |   -0.6788 |   0.1396 |    0.3115 |    0.1024 | 5.00e-04 | 246.8s
2026-04-16 21:39:06 |     65 |   0.1841 |   0.1829 |   0.0023 |   -0.6791 |   0.1339 |    0.3042 |    0.0973 | 5.00e-04 | 247.1s
2026-04-16 21:43:13 |     66 |   0.1849 |   0.1837 |   0.0025 |   -0.6781 |   0.1433 |    0.3174 |    0.1054 | 5.00e-04 | 246.9s
2026-04-16 21:47:21 |     67 |   0.1827 |   0.1814 |   0.0026 |   -0.6802 |   0.1388 |    0.3104 |    0.1021 | 5.00e-04 | 247.3s
2026-04-16 21:51:27 |     68 |   0.1819 |   0.1806 |   0.0025 |   -0.6832 |   0.1347 |    0.3045 |    0.0981 | 5.00e-04 | 246.7s
2026-04-16 21:55:34 |     69 |   0.1830 |   0.1818 |   0.0024 |   -0.6827 |   0.1520 |    0.3301 |    0.1140 | 5.00e-04 | 246.9s
2026-04-16 21:59:41 |     70 |   0.1841 |   0.1826 |   0.0030 |   -0.6862 |   0.1536 |    0.3317 |    0.1149 | 5.00e-04 | 246.7s
2026-04-16 21:59:41 | 
早停于 epoch 70（最佳 val CRPS=0.0945）
2026-04-16 22:02:52 | 
====================================================
TEST SET RESULTS
====================================================
2026-04-16 22:02:52 |   MAE     : 0.1597
2026-04-16 22:02:52 |   RMSE    : 0.3376
2026-04-16 22:02:52 |   CRPS    : 0.1182
2026-04-16 22:02:52 |   PICP    : 0.7716
2026-04-16 22:02:52 |   PINAW   : 0.0608
2026-04-16 22:02:52 | ====================================================
2026-04-16 22:02:54 | History 已保存: result/electricity/20260416_171117/history_electricity_20260416_171117.json
2026-04-16 22:02:54 | 训练完成，所有结果保存于: result/electricity/20260416_171117
