2026-04-03 11:10:07 | ====================================================
GridCFN Configuration
====================================================

[Data]
  dataset                = solar
  data_path              = ./data/solar_AL.txt
  T_in                   = 168
  T_out                  = 1
  adj_threshold          = 0.95
  batch_size             = 32

[Model]
  in_dim                 = 1
  gcn_hidden             = 64
  gcn_layers             = 2
  tcn_hidden             = 64
  tcn_layers             = 4
  env_dim                = 32
  stoch_dim              = 32
  ms_out_dim             = 32
  n_scg_layers           = 3
  out_dim                = 1
  lambda_mi              = 0.5

[Train]
  lr                     = 0.0005
  max_epochs             = 200
  patience               = 20
  lr_decay_factor        = 0.5
  lr_decay_patience      = 10
  grad_clip              = 1.0
  weight_decay           = 1e-05
  save_path              = best_model.pt
  seed                   = 42
  warmup_epochs          = 5
  gpu_id                 = -1
  log_dir                = logs
  log_to_console         = True
====================================================
2026-04-03 11:10:07 | Device : GPU 0: NVIDIA GeForce RTX 3090  (23.6 GB)
2026-04-03 11:10:08 | Graph  : 137 nodes, 2884 edges
2026-04-03 11:10:08 | Parameters : 202,182

2026-04-03 11:10:09 |  Epoch |     Loss |      NLL |      MI |  Val MAE |  Val RMSE |  Val CRPS |       LR |   Time
2026-04-03 11:10:09 | ---------------------------------------------------------------------------------------------
2026-04-03 11:14:17 |      1 |  -0.8123 |  -0.8123 |  2.4377 |   0.1586 |    0.3632 |    0.1171 | 5.00e-04 | 248.6s [warmup]
2026-04-03 11:18:27 |      2 |  -1.0895 |  -1.0895 |  2.9251 |   0.1899 |    0.4396 |    0.1466 | 5.00e-04 | 249.5s [warmup]
2026-04-03 11:22:37 |      3 |  -0.7917 |  -0.7917 |  2.6798 |   0.1362 |    0.3578 |    0.1064 | 5.00e-04 | 249.9s [warmup]
2026-04-03 11:26:47 |      4 |  -0.3886 |  -0.3886 |  2.7441 |   0.1987 |    0.4659 |    0.1500 | 5.00e-04 | 250.3s [warmup]
2026-04-03 11:30:57 |      5 |  -0.0449 |  -0.0449 |  2.4369 |   0.1440 |    0.3912 |    0.1185 | 5.00e-04 | 250.4s [warmup]
2026-04-03 11:35:08 |      6 |  -0.1886 |  -1.6399 |  2.9027 |   0.1404 |    0.3542 |    0.1063 | 5.00e-04 | 250.5s
2026-04-03 11:39:18 |      7 |  -0.1699 |  -1.7575 |  3.1752 |   0.1383 |    0.3467 |    0.1061 | 5.00e-04 | 250.6s
2026-04-03 11:43:29 |      8 |   0.2437 |  -0.8031 |  2.0935 |   0.1891 |    0.4169 |    0.1357 | 5.00e-04 | 250.6s
2026-04-03 11:47:40 |      9 |   0.1776 |  -1.3869 |  3.1290 |   0.1326 |    0.3542 |    0.1065 | 5.00e-04 | 250.7s
2026-04-03 11:51:50 |     10 |   0.3987 |  -1.1219 |  3.0412 |   0.2096 |    0.4885 |    0.1547 | 5.00e-04 | 250.8s
2026-04-03 11:56:01 |     11 |   0.0392 |  -1.4363 |  2.9511 |   0.1367 |    0.3497 |    0.1057 | 5.00e-04 | 250.8s
2026-04-03 12:00:12 |     12 |  -0.0994 |  -1.4059 |  2.6130 |   0.1354 |    0.3539 |    0.1059 | 5.00e-04 | 250.8s
2026-04-03 12:04:23 |     13 |   0.0568 |  -1.1480 |  2.4096 |   0.1431 |    0.3732 |    0.1113 | 5.00e-04 | 250.8s
2026-04-03 12:08:33 |     14 |   0.3327 |  -0.9375 |  2.5404 |   0.1590 |    0.3730 |    0.1253 | 5.00e-04 | 250.8s
2026-04-03 12:12:44 |     15 |   0.0489 |  -1.1478 |  2.3935 |   0.2196 |    0.4712 |    0.1599 | 5.00e-04 | 250.8s
2026-04-03 12:16:55 |     16 |  -0.5701 |  -1.8044 |  2.4687 |   0.1337 |    0.3504 |    0.1027 | 5.00e-04 | 250.9s
2026-04-03 12:21:06 |     17 |  -0.7168 |  -1.6706 |  1.9075 |   0.1362 |    0.3460 |    0.1041 | 5.00e-04 | 250.9s
2026-04-03 12:25:17 |     18 |  -0.8772 |  -1.7406 |  1.7267 |   0.1452 |    0.3536 |    0.1090 | 5.00e-04 | 251.0s
2026-04-03 12:29:28 |     19 |  -0.6410 |  -1.5402 |  1.7984 |   0.1369 |    0.3583 |    0.1072 | 5.00e-04 | 250.9s
2026-04-03 12:33:39 |     20 |  -1.2805 |  -2.3278 |  2.0945 |   0.1405 |    0.3579 |    0.1060 | 5.00e-04 | 250.9s
2026-04-03 12:37:50 |     21 |  -1.3444 |  -2.2978 |  1.9069 |   0.1423 |    0.3607 |    0.1105 | 5.00e-04 | 251.0s
2026-04-03 12:42:01 |     22 |  -0.9109 |  -1.6988 |  1.5758 |   0.1523 |    0.3974 |    0.1220 | 5.00e-04 | 250.9s
2026-04-03 12:46:12 |     23 |  -1.4826 |  -2.2080 |  1.4507 |   0.1330 |    0.3482 |    0.1040 | 5.00e-04 | 251.0s
2026-04-03 12:50:23 |     24 |  -1.4030 |  -1.9431 |  1.0802 |   0.1341 |    0.3467 |    0.1034 | 5.00e-04 | 251.0s
2026-04-03 12:54:34 |     25 |  -2.1396 |  -2.4286 |  0.5780 |   0.1347 |    0.3385 |    0.1017 | 5.00e-04 | 251.0s
2026-04-03 12:58:45 |     26 |  -2.0254 |  -2.1429 |  0.2350 |   0.1334 |    0.3449 |    0.1026 | 5.00e-04 | 251.0s
2026-04-03 13:02:56 |     27 |  -2.4303 |  -2.4531 |  0.0457 |   0.1328 |    0.3355 |    0.1001 | 5.00e-04 | 251.1s
2026-04-03 13:07:07 |     28 |  -2.3770 |  -2.3758 | -0.0023 |   0.1349 |    0.3490 |    0.1034 | 5.00e-04 | 251.0s
2026-04-03 13:11:18 |     29 |  -2.4633 |  -2.4627 | -0.0012 |   0.1368 |    0.3425 |    0.1058 | 5.00e-04 | 251.0s
2026-04-03 13:15:29 |     30 |  -2.1855 |  -2.1846 | -0.0019 |   1.0003 |    1.6883 |    0.6335 | 5.00e-04 | 251.0s
2026-04-03 13:19:40 |     31 |  -1.0802 |  -1.0785 | -0.0034 |   0.1581 |    0.4128 |    0.1260 | 5.00e-04 | 251.0s
2026-04-03 13:23:51 |     32 |  -2.1115 |  -2.1114 | -0.0002 |   0.1351 |    0.3504 |    0.1038 | 5.00e-04 | 251.0s
2026-04-03 13:28:02 |     33 |  -1.4811 |  -1.4805 | -0.0011 |   0.1443 |    0.3750 |    0.1121 | 5.00e-04 | 251.0s
2026-04-03 13:32:13 |     34 |  -1.4375 |  -1.4374 | -0.0002 |   0.1402 |    0.3467 |    0.1050 | 5.00e-04 | 251.0s
2026-04-03 13:36:24 |     35 |  -1.9652 |  -1.9652 | -0.0001 |   0.1317 |    0.3369 |    0.1007 | 5.00e-04 | 251.0s
2026-04-03 13:40:35 |     36 |  -2.5800 |  -2.5800 | -0.0001 |   0.1421 |    0.3548 |    0.1058 | 5.00e-04 | 251.1s
2026-04-03 13:44:46 |     37 |  -1.9416 |  -1.9414 | -0.0003 |   0.1753 |    0.4131 |    0.1311 | 5.00e-04 | 251.0s
2026-04-03 13:48:57 |     38 |  -1.5169 |  -1.5169 | -0.0001 |   0.1393 |    0.3461 |    0.1043 | 2.50e-04 | 251.1s
2026-04-03 13:53:08 |     39 |  -2.3055 |  -2.3055 | -0.0000 |   0.1292 |    0.3325 |    0.0988 | 2.50e-04 | 251.1s
2026-04-03 13:57:19 |     40 |  -2.5000 |  -2.5000 | -0.0000 |   0.1311 |    0.3370 |    0.0996 | 2.50e-04 | 251.1s
2026-04-03 14:01:30 |     41 |  -2.4482 |  -2.6599 |  0.4234 |   0.1275 |    0.3290 |    0.0962 | 2.50e-04 | 251.1s
2026-04-03 14:05:41 |     42 |  -1.8073 |  -2.6808 |  1.7470 |   0.1258 |    0.3264 |    0.0948 | 2.50e-04 | 251.1s
2026-04-03 14:09:52 |     43 |  -1.7728 |  -2.6988 |  1.8519 |   0.1453 |    0.3497 |    0.1043 | 2.50e-04 | 251.0s
2026-04-03 14:14:04 |     44 |  -1.7468 |  -2.6332 |  1.7728 |   0.1925 |    0.4134 |    0.1413 | 2.50e-04 | 251.1s
2026-04-03 14:18:15 |     45 |  -1.9195 |  -2.6370 |  1.4349 |   0.1287 |    0.3302 |    0.0985 | 2.50e-04 | 251.0s
2026-04-03 14:22:26 |     46 |  -1.7996 |  -2.6743 |  1.7493 |   0.1234 |    0.3207 |    0.0931 | 2.50e-04 | 251.1s
2026-04-03 14:26:37 |     47 |  -1.8166 |  -2.7071 |  1.7808 |   0.1215 |    0.3204 |    0.0934 | 2.50e-04 | 251.0s
2026-04-03 14:30:48 |     48 |  -1.8076 |  -2.7085 |  1.8018 |   0.1210 |    0.3200 |    0.0913 | 2.50e-04 | 251.1s
2026-04-03 14:34:59 |     49 |  -1.6753 |  -2.4726 |  1.5947 |   0.1328 |    0.3411 |    0.1012 | 2.50e-04 | 251.0s
2026-04-03 14:39:10 |     50 |  -1.7064 |  -2.7243 |  2.0358 |   0.1231 |    0.3221 |    0.0925 | 2.50e-04 | 251.0s
2026-04-03 14:43:21 |     51 |  -1.7067 |  -2.7393 |  2.0652 |   0.1207 |    0.3178 |    0.0907 | 2.50e-04 | 251.0s
2026-04-03 14:47:32 |     52 |  -1.7944 |  -2.7434 |  1.8979 |   0.1222 |    0.3226 |    0.0915 | 2.50e-04 | 251.1s
2026-04-03 14:51:43 |     53 |  -1.7240 |  -2.5959 |  1.7437 |   0.1398 |    0.3651 |    0.1029 | 2.50e-04 | 250.9s
2026-04-03 14:55:54 |     54 |  -1.4994 |  -2.2588 |  1.5188 |   0.1299 |    0.3294 |    0.0988 | 2.50e-04 | 251.0s
2026-04-03 15:00:05 |     55 |  -1.7386 |  -2.5986 |  1.7201 |   0.1336 |    0.3395 |    0.1015 | 2.50e-04 | 250.9s
2026-04-03 15:04:16 |     56 |  -1.8561 |  -2.7061 |  1.7001 |   0.1253 |    0.3301 |    0.0943 | 2.50e-04 | 250.9s
2026-04-03 15:08:27 |     57 |  -1.7705 |  -2.7418 |  1.9426 |   0.1239 |    0.3296 |    0.0932 | 2.50e-04 | 251.0s
2026-04-03 15:12:38 |     58 |  -1.8254 |  -2.7607 |  1.8705 |   0.1230 |    0.3305 |    0.0928 | 2.50e-04 | 251.0s
2026-04-03 15:16:49 |     59 |  -1.7760 |  -2.7477 |  1.9434 |   0.1243 |    0.3300 |    0.0932 | 2.50e-04 | 251.0s
2026-04-03 15:21:00 |     60 |  -1.7939 |  -2.7566 |  1.9255 |   0.1255 |    0.3299 |    0.0925 | 2.50e-04 | 251.0s
2026-04-03 15:25:11 |     61 |  -0.0913 |  -0.7463 |  1.3099 |   0.1241 |    0.3327 |    0.0930 | 2.50e-04 | 251.0s
2026-04-03 15:29:21 |     62 |  -1.6646 |  -2.5178 |  1.7064 |   0.1307 |    0.3355 |    0.0957 | 1.25e-04 | 250.9s
2026-04-03 15:33:32 |     63 |  -1.8369 |  -2.8399 |  2.0060 |   0.1214 |    0.3278 |    0.0909 | 1.25e-04 | 250.9s
2026-04-03 15:37:43 |     64 |  -1.7399 |  -2.8556 |  2.2315 |   0.1213 |    0.3275 |    0.0909 | 1.25e-04 | 251.0s
2026-04-03 15:41:54 |     65 |  -1.7470 |  -2.8406 |  2.1874 |   0.1238 |    0.3313 |    0.0926 | 1.25e-04 | 251.0s
2026-04-03 15:46:05 |     66 |  -1.8161 |  -2.8715 |  2.1108 |   0.1357 |    0.3385 |    0.1001 | 1.25e-04 | 251.0s
2026-04-03 15:50:16 |     67 |  -1.7516 |  -2.9120 |  2.3209 |   0.1199 |    0.3258 |    0.0901 | 1.25e-04 | 251.0s
2026-04-03 15:54:28 |     68 |  -1.7608 |  -2.9077 |  2.2939 |   0.1211 |    0.3272 |    0.0906 | 1.25e-04 | 251.1s
2026-04-03 15:58:39 |     69 |  -1.7659 |  -2.9533 |  2.3747 |   0.1204 |    0.3247 |    0.0896 | 1.25e-04 | 251.1s
2026-04-03 16:02:50 |     70 |   1.0599 |  -0.1233 |  2.3665 |   0.1213 |    0.3259 |    0.0903 | 1.25e-04 | 251.1s
2026-04-03 16:07:01 |     71 |  -1.7240 |  -2.8436 |  2.2393 |   0.1208 |    0.3267 |    0.0902 | 1.25e-04 | 251.0s
2026-04-03 16:11:12 |     72 |  -1.9404 |  -2.9484 |  2.0161 |   0.1198 |    0.3244 |    0.0894 | 1.25e-04 | 251.1s
2026-04-03 16:15:23 |     73 |  -1.9830 |  -2.8833 |  1.8007 |   0.1264 |    0.3323 |    0.0937 | 1.25e-04 | 251.0s
2026-04-03 16:19:34 |     74 |  -1.9056 |  -2.8432 |  1.8751 |   0.1203 |    0.3253 |    0.0897 | 1.25e-04 | 251.0s
2026-04-03 16:23:45 |     75 |  -1.8353 |  -2.8693 |  2.0679 |   0.1208 |    0.3252 |    0.0896 | 1.25e-04 | 251.0s
2026-04-03 16:27:56 |     76 |  -1.8385 |  -2.8700 |  2.0631 |   0.1204 |    0.3231 |    0.0893 | 1.25e-04 | 251.1s
2026-04-03 16:32:07 |     77 |  -1.8974 |  -2.8651 |  1.9354 |   0.1233 |    0.3288 |    0.0910 | 1.25e-04 | 251.0s
2026-04-03 16:36:18 |     78 |  -1.9707 |  -2.8640 |  1.7867 |   0.1221 |    0.3269 |    0.0904 | 1.25e-04 | 251.1s
2026-04-03 16:40:29 |     79 |  -1.7766 |  -2.6674 |  1.7815 |   0.1207 |    0.3262 |    0.0895 | 1.25e-04 | 251.0s
2026-04-03 16:44:40 |     80 |  -2.0116 |  -2.9462 |  1.8691 |   0.1204 |    0.3257 |    0.0893 | 1.25e-04 | 251.1s
2026-04-03 16:48:51 |     81 |  -2.0146 |  -2.9227 |  1.8163 |   0.1202 |    0.3252 |    0.0893 | 1.25e-04 | 251.1s
2026-04-03 16:53:02 |     82 |  -2.0868 |  -2.9583 |  1.7430 |   0.1191 |    0.3231 |    0.0884 | 1.25e-04 | 251.1s
2026-04-03 16:57:13 |     83 |  -2.0869 |  -2.9632 |  1.7526 |   0.1189 |    0.3222 |    0.0881 | 1.25e-04 | 251.1s
2026-04-03 17:01:24 |     84 |  -1.9938 |  -2.8718 |  1.7558 |   0.1302 |    0.3356 |    0.0941 | 1.25e-04 | 251.0s
2026-04-03 17:05:35 |     85 |  -1.6839 |  -2.7233 |  2.0788 |   0.1199 |    0.3236 |    0.0886 | 1.25e-04 | 251.0s
2026-04-03 17:09:46 |     86 |  -1.8080 |  -2.9069 |  2.1980 |   0.1191 |    0.3218 |    0.0879 | 1.25e-04 | 251.0s
2026-04-03 17:13:57 |     87 |  -1.6908 |  -2.7949 |  2.2081 |   0.1323 |    0.3336 |    0.0958 | 1.25e-04 | 251.0s
2026-04-03 17:18:08 |     88 |  -1.7198 |  -2.8466 |  2.2536 |   0.1191 |    0.3230 |    0.0879 | 1.25e-04 | 251.0s
2026-04-03 17:22:19 |     89 |  -1.6877 |  -2.8853 |  2.3952 |   0.1195 |    0.3229 |    0.0880 | 1.25e-04 | 250.9s
2026-04-03 17:26:30 |     90 |  -1.6788 |  -2.8871 |  2.4165 |   0.1188 |    0.3237 |    0.0879 | 1.25e-04 | 251.0s
2026-04-03 17:30:41 |     91 |  -1.6616 |  -2.8870 |  2.4508 |   0.1203 |    0.3248 |    0.0886 | 1.25e-04 | 251.0s
2026-04-03 17:34:52 |     92 |  -1.6515 |  -2.8850 |  2.4671 |   0.1181 |    0.3213 |    0.0867 | 1.25e-04 | 251.0s
2026-04-03 17:39:03 |     93 |  -1.7052 |  -2.8514 |  2.2922 |   0.1299 |    0.3338 |    0.0942 | 1.25e-04 | 250.9s
2026-04-03 17:43:14 |     94 |  -1.6946 |  -2.9493 |  2.5093 |   0.1184 |    0.3229 |    0.0868 | 1.25e-04 | 251.0s
2026-04-03 17:47:25 |     95 |  -1.7516 |  -2.9269 |  2.3506 |   0.1176 |    0.3243 |    0.0884 | 1.25e-04 | 250.9s
2026-04-03 17:51:36 |     96 |  -1.7232 |  -2.8808 |  2.3152 |   0.1172 |    0.3227 |    0.0864 | 1.25e-04 | 250.9s
2026-04-03 17:55:47 |     97 |  -1.5966 |  -2.8983 |  2.6034 |   0.1173 |    0.3209 |    0.0862 | 1.25e-04 | 250.9s
2026-04-03 17:59:57 |     98 |  -1.5700 |  -2.8954 |  2.6509 |   0.1186 |    0.3228 |    0.0868 | 1.25e-04 | 250.9s
2026-04-03 18:04:08 |     99 |  -1.5426 |  -2.8957 |  2.7063 |   0.1177 |    0.3218 |    0.0869 | 1.25e-04 | 250.9s
2026-04-03 18:08:19 |    100 |  -1.6666 |  -2.8596 |  2.3861 |   0.1181 |    0.3246 |    0.0872 | 1.25e-04 | 250.9s
2026-04-03 18:12:30 |    101 |  -1.6213 |  -2.9814 |  2.7202 |   0.1178 |    0.3225 |    0.0862 | 1.25e-04 | 250.8s
2026-04-03 18:16:41 |    102 |  -1.6466 |  -2.9811 |  2.6688 |   0.1174 |    0.3206 |    0.0859 | 1.25e-04 | 250.9s
2026-04-03 18:20:52 |    103 |   0.4568 |  -0.7431 |  2.3998 |   0.1181 |    0.3222 |    0.0869 | 1.25e-04 | 250.8s
2026-04-03 18:25:02 |    104 |  -1.7567 |  -2.8283 |  2.1433 |   0.1173 |    0.3199 |    0.0862 | 1.25e-04 | 250.8s
2026-04-03 18:29:13 |    105 |  -1.6378 |  -2.9061 |  2.5364 |   0.1168 |    0.3188 |    0.0857 | 1.25e-04 | 250.8s
2026-04-03 18:33:24 |    106 |  -1.5724 |  -2.9020 |  2.6593 |   0.1171 |    0.3185 |    0.0857 | 1.25e-04 | 250.8s
2026-04-03 18:37:35 |    107 |  -1.5375 |  -2.9048 |  2.7345 |   0.1177 |    0.3187 |    0.0859 | 1.25e-04 | 250.7s
2026-04-03 18:41:46 |    108 |  -1.6079 |  -2.8989 |  2.5819 |   0.1177 |    0.3186 |    0.0865 | 1.25e-04 | 250.7s
2026-04-03 18:45:56 |    109 |  -1.5733 |  -2.8950 |  2.6434 |   0.1179 |    0.3203 |    0.0861 | 1.25e-04 | 250.7s
2026-04-03 18:50:07 |    110 |  -1.6397 |  -2.9029 |  2.5263 |   0.1196 |    0.3220 |    0.0877 | 1.25e-04 | 250.7s
2026-04-03 18:54:18 |    111 |  -1.6842 |  -2.8953 |  2.4222 |   0.1189 |    0.3186 |    0.0857 | 1.25e-04 | 250.7s
2026-04-03 18:58:28 |    112 |  -1.8479 |  -2.9011 |  2.1063 |   0.1174 |    0.3209 |    0.0868 | 1.25e-04 | 250.6s
2026-04-03 19:02:39 |    113 |  -0.9671 |  -1.9614 |  1.9885 |   0.1194 |    0.3258 |    0.0878 | 1.25e-04 | 250.6s
2026-04-03 19:06:49 |    114 |  -1.6958 |  -2.7822 |  2.1729 |   0.1170 |    0.3204 |    0.0862 | 1.25e-04 | 250.6s
2026-04-03 19:11:00 |    115 |  -1.7829 |  -2.9680 |  2.3702 |   0.1165 |    0.3191 |    0.0851 | 1.25e-04 | 250.6s
2026-04-03 19:15:11 |    116 |  -1.6914 |  -2.9906 |  2.5983 |   0.1158 |    0.3161 |    0.0847 | 1.25e-04 | 250.8s
2026-04-03 19:19:22 |    117 |  -1.7772 |  -2.9886 |  2.4229 |   0.1175 |    0.3167 |    0.0853 | 1.25e-04 | 250.7s
2026-04-03 19:23:32 |    118 |  -1.7448 |  -2.9829 |  2.4763 |   0.1158 |    0.3142 |    0.0841 | 1.25e-04 | 250.7s
2026-04-03 19:27:43 |    119 |  -1.7745 |  -2.9568 |  2.3645 |   0.1167 |    0.3185 |    0.0857 | 1.25e-04 | 250.7s
2026-04-03 19:31:54 |    120 |  -1.3443 |  -2.5171 |  2.3456 |   0.1165 |    0.3184 |    0.0860 | 1.25e-04 | 250.8s
2026-04-03 19:36:04 |    121 |  -1.7570 |  -2.9103 |  2.3064 |   0.1165 |    0.3158 |    0.0850 | 1.25e-04 | 250.7s
2026-04-03 19:40:15 |    122 |  -1.6837 |  -2.9129 |  2.4584 |   0.1166 |    0.3134 |    0.0842 | 1.25e-04 | 250.7s
2026-04-03 19:44:26 |    123 |  -1.7187 |  -2.8775 |  2.3176 |   0.1163 |    0.3157 |    0.0852 | 1.25e-04 | 250.7s
2026-04-03 19:48:37 |    124 |  -1.6985 |  -2.9136 |  2.4301 |   0.1158 |    0.3125 |    0.0839 | 1.25e-04 | 250.8s
2026-04-03 19:52:47 |    125 |  -1.7351 |  -2.8857 |  2.3013 |   0.1184 |    0.3208 |    0.0879 | 1.25e-04 | 250.7s
2026-04-03 19:56:58 |    126 |  -1.6160 |  -2.7479 |  2.2638 |   0.1169 |    0.3153 |    0.0846 | 1.25e-04 | 250.7s
2026-04-03 20:01:09 |    127 |  -1.6676 |  -2.7739 |  2.2127 |   0.2016 |    0.4341 |    0.1445 | 1.25e-04 | 250.7s
2026-04-03 20:05:20 |    128 |  -1.7293 |  -2.8882 |  2.3178 |   0.1173 |    0.3164 |    0.0854 | 1.25e-04 | 250.7s
2026-04-03 20:09:30 |    129 |  -1.6974 |  -2.9166 |  2.4384 |   0.1165 |    0.3141 |    0.0844 | 1.25e-04 | 250.8s
2026-04-03 20:13:41 |    130 |  -1.6597 |  -2.8988 |  2.4783 |   0.1158 |    0.3139 |    0.0849 | 1.25e-04 | 250.8s
2026-04-03 20:17:52 |    131 |  -1.6611 |  -2.8904 |  2.4586 |   0.1183 |    0.3219 |    0.0875 | 1.25e-04 | 250.8s
2026-04-03 20:22:03 |    132 |  -1.7005 |  -2.9776 |  2.5542 |   0.1162 |    0.3120 |    0.0836 | 1.25e-04 | 250.7s
2026-04-03 20:26:13 |    133 |  -1.7229 |  -3.0018 |  2.5579 |   0.1177 |    0.3152 |    0.0846 | 1.25e-04 | 250.7s
2026-04-03 20:30:24 |    134 |  -1.7456 |  -2.9352 |  2.3792 |   0.1162 |    0.3124 |    0.0845 | 1.25e-04 | 250.7s
2026-04-03 20:34:35 |    135 |  -1.6134 |  -2.9244 |  2.6220 |   0.1156 |    0.3107 |    0.0833 | 1.25e-04 | 250.7s
2026-04-03 20:38:46 |    136 |  -1.5728 |  -2.8413 |  2.5371 |   0.1165 |    0.3127 |    0.0847 | 1.25e-04 | 250.7s
2026-04-03 20:42:56 |    137 |  -1.4525 |  -2.7705 |  2.6361 |   0.1253 |    0.3235 |    0.0902 | 1.25e-04 | 250.7s
2026-04-03 20:47:07 |    138 |  -1.6189 |  -2.7361 |  2.2345 |   0.1340 |    0.3489 |    0.1044 | 1.25e-04 | 250.6s
2026-04-03 20:51:18 |    139 |  -1.6602 |  -2.7687 |  2.2169 |   0.1241 |    0.3207 |    0.0922 | 1.25e-04 | 250.6s
2026-04-03 20:55:28 |    140 |  -1.5744 |  -2.8746 |  2.6003 |   0.1248 |    0.3212 |    0.0928 | 1.25e-04 | 250.7s
2026-04-03 20:59:39 |    141 |  -1.5035 |  -2.8636 |  2.7201 |   0.1236 |    0.3190 |    0.0909 | 1.25e-04 | 250.7s
2026-04-03 21:03:50 |    142 |  -0.7770 |  -2.0383 |  2.5227 |   0.1223 |    0.3213 |    0.0910 | 1.25e-04 | 250.7s
2026-04-03 21:08:00 |    143 |  -1.8336 |  -2.9438 |  2.2205 |   0.1200 |    0.3172 |    0.0882 | 1.25e-04 | 250.7s
2026-04-03 21:12:11 |    144 |  -1.8159 |  -2.9775 |  2.3232 |   0.1191 |    0.3148 |    0.0874 | 1.25e-04 | 250.8s
2026-04-03 21:16:22 |    145 |  -1.9198 |  -2.9509 |  2.0623 |   0.1368 |    0.3418 |    0.0991 | 1.25e-04 | 250.7s
2026-04-03 21:20:32 |    146 |  -1.8820 |  -2.8992 |  2.0345 |   0.1199 |    0.3188 |    0.0881 | 6.25e-05 | 250.6s
2026-04-03 21:24:43 |    147 |  -1.9410 |  -3.0034 |  2.1247 |   0.1171 |    0.3110 |    0.0856 | 6.25e-05 | 250.7s
2026-04-03 21:28:54 |    148 |  -1.9934 |  -3.0095 |  2.0322 |   0.1159 |    0.3112 |    0.0846 | 6.25e-05 | 250.7s
2026-04-03 21:33:05 |    149 |  -1.9805 |  -3.0195 |  2.0779 |   0.1165 |    0.3154 |    0.0853 | 6.25e-05 | 250.7s
2026-04-03 21:37:15 |    150 |  -2.0542 |  -3.0184 |  1.9284 |   0.1165 |    0.3110 |    0.0845 | 6.25e-05 | 250.7s
2026-04-03 21:41:26 |    151 |  -2.0610 |  -3.0290 |  1.9360 |   0.1152 |    0.3109 |    0.0834 | 6.25e-05 | 250.7s
2026-04-03 21:45:37 |    152 |  -2.0746 |  -3.0244 |  1.8997 |   0.1167 |    0.3109 |    0.0844 | 6.25e-05 | 250.8s
2026-04-03 21:49:48 |    153 |  -1.9953 |  -3.0299 |  2.0694 |   0.1153 |    0.3107 |    0.0834 | 6.25e-05 | 250.7s
2026-04-03 21:53:58 |    154 |  -1.9603 |  -3.0328 |  2.1449 |   0.1150 |    0.3077 |    0.0828 | 6.25e-05 | 250.7s
