2026-04-22 09:52:39 | ====================================================
GridCFN Configuration (CFM v4)
====================================================

[Data]
  dataset                  = electricity
  data_path                = ./data/electricity.txt
  T_in                     = 168
  T_out                    = 1
  adj_threshold            = 0.6
  batch_size               = 32

[Model]
  in_dim                   = 1
  gcn_hidden               = 64
  gcn_layers               = 2
  tcn_hidden               = 64
  tcn_layers               = 4
  env_dim                  = 32
  stoch_dim                = 32
  ms_out_dim               = 32
  n_scg_layers             = 3
  out_dim                  = 1
  lambda_mi                = 0.05
  cfm_hidden               = 128
  cfm_time_emb_dim         = 16
  chunk_size               = 16384

[Train]
  lr                       = 0.001
  max_epochs               = 200
  patience                 = 25
  lr_decay_factor          = 0.5
  lr_decay_patience        = 12
  grad_clip                = 1.0
  weight_decay             = 1e-05
  save_path                = result/electricity/20260422_095239/gridcfn_electricity_20260422_095239.pt
  seed                     = 42
  warmup_epochs            = 8
  gpu_id                   = -1
  log_dir                  = logs
  log_to_console           = True
  cfm_n_samples            = 50
  cfm_n_samples_test       = 200
  cfm_n_steps              = 20
  cfm_n_t_samples          = 4
====================================================
2026-04-22 09:52:39 | Device     : GPU 0: NVIDIA GeForce RTX 3090 (23.6 GB)
2026-04-22 09:52:39 | Result dir : result/electricity/20260422_095239
2026-04-22 09:52:39 | in_dim     : 1
2026-04-22 09:52:40 | Graph      : 321 nodes, 42833 edges
2026-04-22 09:52:40 | Parameters : 235,430

2026-04-22 09:52:40 | 注意：训练中 Val 指标在归一化域（用于早停判断），最终 Test 指标在反 Z-score 域（实际量纲）。
2026-04-22 09:52:40 | [v4] CLUB 在 warmup (8 epochs) 后开始训练，club_lr=2.00e-03
2026-04-22 09:52:40 |  Epoch |     Loss |      CFM |       MI |   VarLoss |  Val MAE |  Val RMSE |  Val CRPS |       LR |   Time
2026-04-22 09:52:40 | ----------------------------------------------------------------------------------------------------------
2026-04-22 09:58:37 |      1 |   1.0341 |   1.0341 |   0.0000 |    0.0000 |   0.4288 |    0.5811 |    0.3069 | 1.00e-03 | 356.4s
2026-04-22 10:04:35 |      2 |   0.7760 |   0.7760 |   0.0000 |    0.0000 |   0.3571 |    0.5038 |    0.2569 | 1.00e-03 | 358.5s
2026-04-22 10:10:32 |      3 |   0.6486 |   0.6486 |   0.0000 |    0.0000 |   0.3328 |    0.5068 |    0.2451 | 1.00e-03 | 357.2s
2026-04-22 10:16:29 |      4 |   0.5484 |   0.5484 |   0.0000 |    0.0000 |   0.2926 |    0.4785 |    0.2152 | 1.00e-03 | 356.7s
2026-04-22 10:22:27 |      5 |   0.4637 |   0.4637 |   0.0000 |    0.0000 |   0.2639 |    0.4274 |    0.1940 | 1.00e-03 | 357.5s
2026-04-22 10:28:24 |      6 |   0.4060 |   0.4060 |   0.0000 |    0.0000 |   0.2473 |    0.3981 |    0.1864 | 1.00e-03 | 357.2s
2026-04-22 10:34:20 |      7 |   0.3652 |   0.3652 |   0.0000 |    0.0000 |   0.2416 |    0.3876 |    0.1815 | 1.00e-03 | 356.3s
2026-04-22 10:40:16 |      8 |   0.3337 |   0.3337 |   0.0000 |    0.0000 |   0.1953 |    0.3330 |    0.1436 | 1.00e-03 | 356.3s
