2026-04-22 16:55:04 | ====================================================
GridCFN Configuration (CFM v4)
====================================================

[Data]
  dataset                  = electricity
  data_path                = ./data/electricity.txt
  T_in                     = 168
  T_out                    = 1
  adj_threshold            = 0.6
  batch_size               = 32

[Model]
  in_dim                   = 1
  gcn_hidden               = 64
  gcn_layers               = 2
  tcn_hidden               = 64
  tcn_layers               = 4
  env_dim                  = 32
  stoch_dim                = 32
  ms_out_dim               = 32
  n_scg_layers             = 3
  out_dim                  = 1
  lambda_mi                = 0.05
  cfm_hidden               = 128
  cfm_time_emb_dim         = 16
  chunk_size               = 16384

[Train]
  lr                       = 0.001
  max_epochs               = 200
  patience                 = 25
  lr_decay_factor          = 0.5
  lr_decay_patience        = 12
  grad_clip                = 1.0
  weight_decay             = 1e-05
  save_path                = result/electricity/20260422_165504/gridcfn_electricity_20260422_165504.pt
  seed                     = 42
  warmup_epochs            = 8
  gpu_id                   = -1
  log_dir                  = logs
  log_to_console           = True
  cfm_n_samples            = 50
  cfm_n_samples_test       = 200
  cfm_n_steps              = 20
  cfm_n_t_samples          = 4
====================================================
2026-04-22 16:55:04 | Device     : GPU 0: NVIDIA GeForce RTX 3090 (23.6 GB)
2026-04-22 16:55:04 | Result dir : result/electricity/20260422_165504
2026-04-22 16:55:05 | in_dim     : 1
2026-04-22 16:55:05 | Graph      : 321 nodes, 40280 edges
2026-04-22 16:55:05 | Parameters : 340,772

2026-04-22 16:55:06 | 注意：训练中 Val 指标在归一化域（用于早停判断），最终 Test 指标在反 Z-score 域（实际量纲）。
2026-04-22 16:55:06 | [v4] CLUB 在 warmup (8 epochs) 后开始训练，club_lr=2.00e-03
2026-04-22 16:55:06 |  Epoch |     Loss |      CFM |       MI |   VarLoss |  Val MAE |  Val RMSE |  Val CRPS |       LR |   Time
2026-04-22 16:55:06 | ----------------------------------------------------------------------------------------------------------
2026-04-22 17:01:11 |      1 |   0.4465 |   0.4465 |   0.0000 |    0.0000 |   0.1190 |    0.3710 |    0.1015 | 1.00e-03 | 365.4s
2026-04-22 17:07:16 |      2 |   0.2470 |   0.2470 |   0.0000 |    0.0000 |   0.1063 |    0.3648 |    0.0885 | 1.00e-03 | 364.8s
2026-04-22 17:13:21 |      3 |   0.2177 |   0.2177 |   0.0000 |    0.0000 |   0.1010 |    0.2954 |    0.0760 | 1.00e-03 | 364.6s
2026-04-22 17:19:25 |      4 |   0.1769 |   0.1769 |   0.0000 |    0.0000 |   0.0785 |    0.2276 |    0.0559 | 1.00e-03 | 364.6s
2026-04-22 17:25:30 |      5 |   0.1382 |   0.1382 |   0.0000 |    0.0000 |   0.0597 |    0.1689 |    0.0454 | 1.00e-03 | 364.3s
2026-04-22 17:31:34 |      6 |   0.1085 |   0.1085 |   0.0000 |    0.0000 |   0.0476 |    0.1387 |    0.0348 | 1.00e-03 | 364.1s
2026-04-22 17:37:38 |      7 |   0.0865 |   0.0865 |   0.0000 |    0.0000 |   0.0373 |    0.1149 |    0.0267 | 1.00e-03 | 364.2s
2026-04-22 17:43:39 |      8 |   0.0730 |   0.0730 |   0.0000 |    0.0000 |   0.0354 |    0.1248 |    0.0262 | 1.00e-03 | 361.4s
2026-04-22 17:49:41 |      9 |   0.0744 |   0.0704 |   0.0801 |    0.2848 |   0.0326 |    0.1206 |    0.0238 | 1.00e-03 | 361.6s
2026-04-22 17:55:43 |     10 |   0.0667 |   0.0650 |   0.0343 |    0.1806 |   0.0432 |    0.1820 |    0.0331 | 1.00e-03 | 361.9s
2026-04-22 18:01:44 |     11 |  -3.0647 |   0.3046 | -67.3866 |  950.2385 |   0.1826 |    0.7352 |    0.1690 | 1.00e-03 | 361.4s
2026-04-22 18:07:46 |     12 |  -2.1199 |   0.3248 | -48.8951 |  525.4716 |   0.1171 |    0.3642 |    0.0899 | 1.00e-03 | 361.5s
2026-04-22 18:13:47 |     13 |   0.1834 |   0.1834 |   0.0001 |    0.6596 |   0.0807 |    0.2808 |    0.0587 | 1.00e-03 | 361.3s
2026-04-22 18:19:49 |     14 |   0.1371 |   0.1371 |   0.0000 |    0.6681 |   0.0628 |    0.2101 |    0.0448 | 1.00e-03 | 361.4s
2026-04-22 18:25:50 |     15 |   0.1150 |   0.1150 |   0.0000 |    0.6240 |   0.0587 |    0.1790 |    0.0410 | 1.00e-03 | 361.0s
2026-04-22 18:31:51 |     16 |   0.0959 |   0.0962 |  -0.0060 |    0.6684 |   0.0498 |    0.1494 |    0.0365 | 1.00e-03 | 361.6s
2026-04-22 18:37:53 |     17 |  -1.2009 |   0.3010 | -30.0372 |  207.8842 |   0.1311 |    0.4124 |    0.1088 | 1.00e-03 | 362.1s
2026-04-22 18:43:59 |     18 |   0.2651 |   0.2651 |   0.0001 |   -1.3463 |   0.1158 |    0.3500 |    0.0912 | 1.00e-03 | 365.8s
2026-04-22 18:50:06 |     19 |   0.2292 |   0.2291 |   0.0008 |   -1.3630 |   0.1181 |    0.3465 |    0.0879 | 1.00e-03 | 366.6s
2026-04-22 18:56:11 |     20 |   0.1961 |   0.1961 |   0.0006 |   -1.3747 |   0.0952 |    0.3286 |    0.0697 | 1.00e-03 | 365.7s
2026-04-22 19:02:18 |     21 |   0.1818 |   0.1818 |   0.0008 |   -1.3769 |   0.0882 |    0.3469 |    0.0687 | 1.00e-03 | 366.1s
2026-04-22 19:08:24 |     22 |   0.1758 |   0.1758 |   0.0009 |   -1.3795 |   0.1044 |    0.5363 |    0.0802 | 5.00e-04 | 366.6s
2026-04-22 19:14:30 |     23 |   0.1441 |   0.1441 |   0.0008 |   -1.3802 |   0.0829 |    0.2820 |    0.0577 | 5.00e-04 | 365.9s
2026-04-22 19:20:36 |     24 |   0.1402 |   0.1401 |   0.0008 |   -1.3799 |   0.0804 |    0.2798 |    0.0574 | 5.00e-04 | 366.1s
2026-04-22 19:26:42 |     25 |   0.1323 |   0.1323 |   0.0006 |   -1.3788 |   0.0722 |    0.2675 |    0.0511 | 5.00e-04 | 366.1s
2026-04-22 19:32:48 |     26 |   0.1264 |   0.1263 |   0.0006 |   -1.3766 |   0.0724 |    0.3083 |    0.0549 | 5.00e-04 | 366.0s
2026-04-22 19:38:55 |     27 |   0.1252 |   0.1252 |   0.0005 |   -1.3739 |   0.0840 |    0.2877 |    0.0596 | 5.00e-04 | 366.3s
2026-04-22 19:45:01 |     28 |   0.1216 |   0.1215 |   0.0003 |   -1.3753 |   0.0979 |    0.3269 |    0.0714 | 5.00e-04 | 366.4s
2026-04-22 19:51:07 |     29 |   0.1188 |   0.1187 |   0.0003 |   -1.3522 |   0.0847 |    0.4021 |    0.0668 | 5.00e-04 | 366.3s
2026-04-22 19:57:14 |     30 |   0.1171 |   0.1170 |   0.0003 |   -1.3095 |   0.0630 |    0.2597 |    0.0451 | 5.00e-04 | 366.3s
2026-04-22 20:03:20 |     31 |   0.1091 |   0.1091 |   0.0003 |   -1.2547 |   0.0681 |    0.2659 |    0.0488 | 5.00e-04 | 366.4s
2026-04-22 20:09:27 |     32 |   0.1089 |   0.1089 |   0.0003 |   -1.0734 |   0.0705 |    0.2641 |    0.0504 | 5.00e-04 | 366.9s
2026-04-22 20:15:33 |     33 |   0.1068 |   0.1072 |  -0.0080 |   -0.7362 |   0.0631 |    0.2602 |    0.0454 | 5.00e-04 | 366.4s
2026-04-22 20:21:40 |     34 |   0.1056 |   0.1061 |  -0.0098 |   -0.5083 |   0.0618 |    0.2798 |    0.0448 | 5.00e-04 | 367.2s
2026-04-22 20:21:40 | 
早停于 epoch 34（最佳 val CRPS=0.0238，归一化域）
2026-04-22 20:21:40 | 
正在验证集上做 Temperature Calibration（反 Z-score 域）...
2026-04-22 20:26:45 | 最优 Temperature: 3.000  （验证集 PICP@T=1.0: 0.6445 → PICP@T=3.00: 0.9368）
2026-04-22 20:47:46 | 
============================================================
2026-04-22 20:47:46 | TEST SET RESULTS — 反 Z-score 域 (Temperature=3.000)
2026-04-22 20:47:46 | ============================================================
2026-04-22 20:47:46 |   MAE     : 604.1675
2026-04-22 20:47:46 |   RMSE    : 2601.5947
2026-04-22 20:47:46 |   CRPS    : 510.7860
2026-04-22 20:47:46 |   PICP    : 0.9263
2026-04-22 20:47:46 |   PINAW   : 0.0089
2026-04-22 20:47:46 | 
============================================================
2026-04-22 20:47:46 | TEST SET RESULTS — 归一化域（对应训练时的 Val CRPS 尺度）
2026-04-22 20:47:46 | ============================================================
2026-04-22 20:47:46 |   MAE     : 0.0401
2026-04-22 20:47:46 |   RMSE    : 0.1727
2026-04-22 20:47:46 |   CRPS    : 0.0339
2026-04-22 20:47:46 |   PICP    : 0.9263
2026-04-22 20:47:46 |   PINAW   : 0.0089
2026-04-22 20:47:46 | ============================================================
2026-04-22 20:47:48 | History 已保存: result/electricity/20260422_165504/history_electricity_20260422_165504.json
2026-04-22 20:47:48 | 训练完成，所有结果保存于: result/electricity/20260422_165504
