2026-04-16 15:53:08 | ====================================================
GridCFN Configuration (CFM v2)
====================================================

[Data]
  dataset                  = electricity
  data_path                = ./data/electricity.txt
  T_in                     = 168
  T_out                    = 1
  adj_threshold            = 0.7
  batch_size               = 32

[Model]
  in_dim                   = 1
  gcn_hidden               = 64
  gcn_layers               = 2
  tcn_hidden               = 64
  tcn_layers               = 4
  env_dim                  = 32
  stoch_dim                = 32
  ms_out_dim               = 32
  n_scg_layers             = 3
  out_dim                  = 1
  lambda_mi                = 0.5
  cfm_hidden               = 128
  cfm_time_emb_dim         = 16

[Train]
  lr                       = 0.001
  max_epochs               = 200
  patience                 = 20
  lr_decay_factor          = 0.5
  lr_decay_patience        = 10
  grad_clip                = 1.0
  weight_decay             = 1e-05
  save_path                = result/electricity/20260416_155308/gridcfn_electricity_20260416_155308.pt
  seed                     = 42
  warmup_epochs            = 5
  gpu_id                   = -1
  log_dir                  = logs
  log_to_console           = True
  cfm_n_samples            = 10
  cfm_n_steps              = 20
  cfm_n_t_samples          = 4
====================================================
2026-04-16 15:53:08 | Device     : GPU 0: NVIDIA GeForce RTX 3090  (23.6 GB)
2026-04-16 15:53:08 | Result dir : result/electricity/20260416_155308
2026-04-16 15:53:09 | in_dim     : 1（数据集实际特征维度）
2026-04-16 15:53:09 | Graph      : 321 nodes, 34512 edges
2026-04-16 15:53:09 | Parameters : 235,430

2026-04-16 15:53:09 |  Epoch |     Loss |      CFM |       MI |   VarLoss |  Val MAE |  Val RMSE |  Val CRPS |       LR |   Time
2026-04-16 15:53:09 | ----------------------------------------------------------------------------------------------------------
2026-04-16 15:57:14 |      1 |   1.0645 |   1.0602 |   0.0087 |   -0.9978 |   0.4621 |    0.6423 |    0.3397 | 1.00e-03 | 244.4s
2026-04-16 16:01:21 |      2 |   0.8363 |   0.8330 |   0.0065 |   -1.0453 |   0.4160 |    0.5870 |    0.3038 | 1.00e-03 | 247.1s
2026-04-16 16:05:31 |      3 |   0.7217 |   0.7178 |   0.0079 |   -1.0419 |   0.3643 |    0.5515 |    0.2652 | 1.00e-03 | 250.3s
2026-04-16 16:09:41 |      4 |   0.6481 |   0.6438 |   0.0087 |   -1.0309 |   0.3410 |    0.5254 |    0.2468 | 1.00e-03 | 249.4s
2026-04-16 16:13:50 |      5 |   0.6048 |   0.6003 |   0.0089 |   -1.0247 |   0.3348 |    0.5168 |    0.2450 | 1.00e-03 | 248.9s
2026-04-16 16:17:59 |      6 |   0.5630 |   0.5581 |   0.0098 |   -1.0201 |   0.2975 |    0.4733 |    0.2153 | 1.00e-03 | 248.9s
2026-04-16 16:22:08 |      7 |   0.5218 |   0.5153 |   0.0130 |   -1.0090 |   0.2905 |    0.4754 |    0.2120 | 1.00e-03 | 249.3s
2026-04-16 16:26:18 |      8 |   0.4734 |   0.4651 |   0.0167 |   -1.0028 |   0.2914 |    0.4813 |    0.2143 | 1.00e-03 | 249.8s
2026-04-16 16:30:28 |      9 |   0.4441 |   0.4362 |   0.0158 |   -0.9974 |   0.2541 |    0.4559 |    0.1839 | 1.00e-03 | 249.9s
2026-04-16 16:34:36 |     10 |   0.4081 |   0.4018 |   0.0127 |   -0.9881 |   0.2415 |    0.4207 |    0.1758 | 1.00e-03 | 248.6s
2026-04-16 16:38:45 |     11 |   0.3802 |   0.3773 |   0.0057 |   -0.9594 |   0.2723 |    0.4890 |    0.2008 | 1.00e-03 | 248.9s
2026-04-16 16:42:55 |     12 |   0.3672 |   0.3674 |  -0.0004 |   -0.9066 |   0.2492 |    0.4394 |    0.1841 | 1.00e-03 | 249.8s
2026-04-16 16:47:05 |     13 |   0.3464 |   0.3488 |  -0.0048 |   -0.8365 |   0.2014 |    0.3742 |    0.1447 | 1.00e-03 | 250.3s
2026-04-16 16:51:15 |     14 |   0.3252 |   0.3253 |  -0.0002 |   -0.7968 |   0.1875 |    0.3489 |    0.1356 | 1.00e-03 | 249.5s
2026-04-16 16:55:25 |     15 |   0.3077 |   0.3104 |  -0.0054 |   -0.7395 |   0.2231 |    0.4066 |    0.1670 | 1.00e-03 | 250.4s
2026-04-16 16:59:35 |     16 |   0.2994 |   0.2985 |   0.0019 |   -0.7574 |   0.1807 |    0.3528 |    0.1310 | 1.00e-03 | 250.2s
2026-04-16 17:03:45 |     17 |   0.2902 |   0.2894 |   0.0015 |   -0.7499 |   0.1697 |    0.3396 |    0.1225 | 1.00e-03 | 249.6s
2026-04-16 17:07:55 |     18 |   0.2714 |   0.2716 |  -0.0004 |   -0.7384 |   0.1638 |    0.3232 |    0.1176 | 1.00e-03 | 249.7s
