2026-04-23 09:25:24 | ====================================================
GridCFN Configuration (CFM v4)
====================================================

[Data]
  dataset                  = electricity
  data_path                = ./data/electricity.txt
  T_in                     = 168
  T_out                    = 1
  adj_threshold            = 0.6
  batch_size               = 32

[Model]
  in_dim                   = 1
  gcn_hidden               = 64
  gcn_layers               = 2
  tcn_hidden               = 64
  tcn_layers               = 4
  env_dim                  = 32
  stoch_dim                = 32
  ms_out_dim               = 32
  n_scg_layers             = 3
  out_dim                  = 1
  lambda_mi                = 0.05
  cfm_hidden               = 128
  cfm_time_emb_dim         = 16
  chunk_size               = 16384

[Train]
  lr                       = 0.001
  max_epochs               = 200
  patience                 = 25
  lr_decay_factor          = 0.5
  lr_decay_patience        = 12
  grad_clip                = 1.0
  weight_decay             = 1e-05
  save_path                = result/electricity/20260423_092524/gridcfn_electricity_20260423_092524.pt
  seed                     = 42
  warmup_epochs            = 8
  gpu_id                   = -1
  log_dir                  = logs
  log_to_console           = True
  cfm_n_samples            = 50
  cfm_n_samples_test       = 200
  cfm_n_steps              = 20
  cfm_n_t_samples          = 4
====================================================
2026-04-23 09:25:24 | Device     : GPU 0: NVIDIA GeForce RTX 3090 (23.6 GB)
2026-04-23 09:25:24 | Result dir : result/electricity/20260423_092524
2026-04-23 09:25:25 | in_dim     : 1
2026-04-23 09:25:25 | Graph      : 321 nodes, 40280 edges
2026-04-23 09:25:25 | Parameters : 235,430

2026-04-23 09:25:25 | 注意：训练中 Val 指标在归一化域（用于早停判断），最终 Test 指标在反 Z-score 域（实际量纲）。
2026-04-23 09:25:25 | [v5-fix] CLUB 在 warmup (8 epochs) 后开始训练，club_lr=5.00e-04，MI clamp 保护已启用
2026-04-23 09:25:25 |  Epoch |     Loss |      CFM |       MI |   VarLoss |  Val MAE |  Val RMSE |  Val CRPS |       LR |   Time
2026-04-23 09:25:25 | ----------------------------------------------------------------------------------------------------------
2026-04-23 09:29:58 |      1 |   0.4994 |   0.4994 |   0.0000 |    0.0000 |   0.1181 |    0.3674 |    0.1004 | 1.00e-03 | 272.9s
2026-04-23 09:34:32 |      2 |   0.2424 |   0.2424 |   0.0000 |    0.0000 |   0.0966 |    0.2923 |    0.0748 | 1.00e-03 | 274.4s
2026-04-23 09:39:07 |      3 |   0.1770 |   0.1770 |   0.0000 |    0.0000 |   0.0816 |    0.2471 |    0.0602 | 1.00e-03 | 275.0s
2026-04-23 09:43:43 |      4 |   0.1357 |   0.1357 |   0.0000 |    0.0000 |   0.0531 |    0.1286 |    0.0380 | 1.00e-03 | 275.3s
2026-04-23 09:48:18 |      5 |   0.1075 |   0.1075 |   0.0000 |    0.0000 |   0.0454 |    0.1030 |    0.0320 | 1.00e-03 | 275.5s
2026-04-23 09:52:54 |      6 |   0.0917 |   0.0917 |   0.0000 |    0.0000 |   0.0407 |    0.1177 |    0.0300 | 1.00e-03 | 275.6s
2026-04-23 09:57:30 |      7 |   0.0835 |   0.0835 |   0.0000 |    0.0000 |   0.0416 |    0.1127 |    0.0304 | 1.00e-03 | 275.7s
2026-04-23 10:02:05 |      8 |   0.0739 |   0.0739 |   0.0000 |    0.0000 |   0.0321 |    0.0938 |    0.0241 | 1.00e-03 | 275.7s
2026-04-23 10:06:43 |      9 |   0.0455 |   0.0685 |  -0.4989 |    1.9803 |   0.0336 |    0.0912 |    0.0254 | 1.00e-03 | 277.3s
