2026-04-22 11:23:29 | ====================================================
GridCFN Configuration (CFM v4)
====================================================

[Data]
  dataset                  = electricity
  data_path                = ./data/electricity.txt
  T_in                     = 12
  T_out                    = 1
  adj_threshold            = 0.6
  batch_size               = 32

[Model]
  in_dim                   = 1
  gcn_hidden               = 64
  gcn_layers               = 2
  tcn_hidden               = 64
  tcn_layers               = 4
  env_dim                  = 32
  stoch_dim                = 32
  ms_out_dim               = 32
  n_scg_layers             = 3
  out_dim                  = 1
  lambda_mi                = 0.05
  cfm_hidden               = 128
  cfm_time_emb_dim         = 16
  chunk_size               = 16384

[Train]
  lr                       = 0.001
  max_epochs               = 200
  patience                 = 25
  lr_decay_factor          = 0.5
  lr_decay_patience        = 12
  grad_clip                = 1.0
  weight_decay             = 1e-05
  save_path                = result/electricity/20260422_112329/gridcfn_electricity_20260422_112329.pt
  seed                     = 42
  warmup_epochs            = 8
  gpu_id                   = -1
  log_dir                  = logs
  log_to_console           = True
  cfm_n_samples            = 50
  cfm_n_samples_test       = 200
  cfm_n_steps              = 20
  cfm_n_t_samples          = 4
====================================================
2026-04-22 11:23:29 | Device     : GPU 0: NVIDIA GeForce RTX 3090 (23.6 GB)
2026-04-22 11:23:29 | Result dir : result/electricity/20260422_112329
2026-04-22 11:23:30 | in_dim     : 1
2026-04-22 11:23:30 | Graph      : 321 nodes, 42833 edges
2026-04-22 11:23:31 | Parameters : 235,430

2026-04-22 11:23:31 | 注意：训练中 Val 指标在归一化域（用于早停判断），最终 Test 指标在反 Z-score 域（实际量纲）。
2026-04-22 11:23:31 | [v4] CLUB 在 warmup (8 epochs) 后开始训练，club_lr=2.00e-03
2026-04-22 11:23:31 |  Epoch |     Loss |      CFM |       MI |   VarLoss |  Val MAE |  Val RMSE |  Val CRPS |       LR |   Time
2026-04-22 11:23:31 | ----------------------------------------------------------------------------------------------------------
2026-04-22 11:25:57 |      1 |   1.0679 |   1.0679 |   0.0000 |    0.0000 |   0.4650 |    0.6171 |    0.3308 | 1.00e-03 | 145.7s
2026-04-22 11:28:23 |      2 |   0.8317 |   0.8317 |   0.0000 |    0.0000 |   0.4198 |    0.5722 |    0.2979 | 1.00e-03 | 145.9s
