2026-04-21 10:07:36 | ====================================================
GridCFN Configuration (CFM v4)
====================================================

[Data]
  dataset                  = electricity
  data_path                = ./data/electricity.txt
  T_in                     = 168
  T_out                    = 1
  adj_threshold            = 0.6
  batch_size               = 32

[Model]
  in_dim                   = 1
  gcn_hidden               = 64
  gcn_layers               = 2
  tcn_hidden               = 64
  tcn_layers               = 4
  env_dim                  = 32
  stoch_dim                = 32
  ms_out_dim               = 32
  n_scg_layers             = 3
  out_dim                  = 1
  lambda_mi                = 0.05
  cfm_hidden               = 128
  cfm_time_emb_dim         = 16
  chunk_size               = 16384

[Train]
  lr                       = 0.001
  max_epochs               = 200
  patience                 = 25
  lr_decay_factor          = 0.5
  lr_decay_patience        = 12
  grad_clip                = 1.0
  weight_decay             = 1e-05
  save_path                = result/electricity/20260421_100736/gridcfn_electricity_20260421_100736.pt
  seed                     = 42
  warmup_epochs            = 8
  gpu_id                   = -1
  log_dir                  = logs
  log_to_console           = True
  cfm_n_samples            = 50
  cfm_n_samples_test       = 200
  cfm_n_steps              = 20
  cfm_n_t_samples          = 4
====================================================
2026-04-21 10:07:36 | Device     : GPU 0: NVIDIA GeForce RTX 3090 (23.6 GB)
2026-04-21 10:07:36 | Result dir : result/electricity/20260421_100736
2026-04-21 10:07:37 | in_dim     : 1
2026-04-21 10:07:37 | Graph      : 321 nodes, 42833 edges
2026-04-21 10:07:37 | Parameters : 235,430

2026-04-21 10:07:38 | 注意：训练中 Val 指标在归一化域（用于早停判断），最终 Test 指标在反 Z-score 域（实际量纲）。
2026-04-21 10:07:38 | [v4] CLUB 在 warmup (8 epochs) 后开始训练，club_lr=2.00e-03
2026-04-21 10:07:38 |  Epoch |     Loss |      CFM |       MI |   VarLoss |  Val MAE |  Val RMSE |  Val CRPS |       LR |   Time
2026-04-21 10:07:38 | ----------------------------------------------------------------------------------------------------------
2026-04-21 10:12:19 |      1 |   1.0425 |   1.0425 |   0.0000 |    0.0000 |   0.4386 |    0.5966 |    0.3148 | 1.00e-03 | 280.6s
2026-04-21 10:17:00 |      2 |   0.7743 |   0.7743 |   0.0000 |    0.0000 |   0.3704 |    0.5149 |    0.2649 | 1.00e-03 | 281.7s
2026-04-21 10:21:42 |      3 |   0.6605 |   0.6605 |   0.0000 |    0.0000 |   0.3533 |    0.5186 |    0.2583 | 1.00e-03 | 281.9s
2026-04-21 10:26:25 |      4 |   0.5739 |   0.5739 |   0.0000 |    0.0000 |   0.3060 |    0.4644 |    0.2256 | 1.00e-03 | 282.2s
2026-04-21 10:31:07 |      5 |   0.5010 |   0.5010 |   0.0000 |    0.0000 |   0.2593 |    0.4118 |    0.1920 | 1.00e-03 | 282.7s
2026-04-21 10:35:50 |      6 |   0.4417 |   0.4417 |   0.0000 |    0.0000 |   0.2357 |    0.3701 |    0.1717 | 1.00e-03 | 282.8s
2026-04-21 10:40:33 |      7 |   0.3978 |   0.3978 |   0.0000 |    0.0000 |   0.2232 |    0.3553 |    0.1649 | 1.00e-03 | 283.1s
2026-04-21 10:45:16 |      8 |   0.3710 |   0.3710 |   0.0000 |    0.0000 |   0.2134 |    0.3610 |    0.1608 | 1.00e-03 | 283.2s
2026-04-21 10:50:01 |      9 |   0.4233 |   0.3843 |   0.7811 |    0.0699 |   0.2358 |    0.3741 |    0.1731 | 1.00e-03 | 284.8s
2026-04-21 10:54:45 |     10 |   0.3494 |   0.3373 |   0.2422 |    0.0088 |   0.2230 |    0.3576 |    0.1623 | 1.00e-03 | 284.5s
2026-04-21 10:59:30 |     11 |   0.3259 |   0.3216 |   0.0859 |    0.3370 |   0.1954 |    0.3376 |    0.1445 | 1.00e-03 | 284.3s
2026-04-21 11:04:14 |     12 |   0.2973 |   0.2934 |   0.0783 |    0.3867 |   0.1785 |    0.3277 |    0.1326 | 1.00e-03 | 284.3s
2026-04-21 11:08:58 |     13 |   0.2876 |   0.2815 |   0.1218 |    0.2879 |   0.1776 |    0.3185 |    0.1326 | 1.00e-03 | 284.3s
2026-04-21 11:13:42 |     14 |   0.2804 |   0.2781 |   0.0454 |    0.3813 |   0.1674 |    0.3062 |    0.1245 | 1.00e-03 | 284.2s
2026-04-21 11:18:27 |     15 |   0.2533 |   0.2530 |   0.0069 |    0.5124 |   0.1672 |    0.3116 |    0.1246 | 1.00e-03 | 284.2s
