2026-04-22 11:32:03 | ====================================================
GridCFN Configuration (CFM v4)
====================================================

[Data]
  dataset                  = electricity
  data_path                = ./data/electricity.txt
  T_in                     = 168
  T_out                    = 1
  adj_threshold            = 0.6
  batch_size               = 32

[Model]
  in_dim                   = 1
  gcn_hidden               = 64
  gcn_layers               = 2
  tcn_hidden               = 64
  tcn_layers               = 4
  env_dim                  = 32
  stoch_dim                = 32
  ms_out_dim               = 32
  n_scg_layers             = 3
  out_dim                  = 1
  lambda_mi                = 0.05
  cfm_hidden               = 128
  cfm_time_emb_dim         = 16
  chunk_size               = 16384

[Train]
  lr                       = 0.001
  max_epochs               = 200
  patience                 = 25
  lr_decay_factor          = 0.5
  lr_decay_patience        = 12
  grad_clip                = 1.0
  weight_decay             = 1e-05
  save_path                = result/electricity/20260422_113203/gridcfn_electricity_20260422_113203.pt
  seed                     = 42
  warmup_epochs            = 8
  gpu_id                   = -1
  log_dir                  = logs
  log_to_console           = True
  cfm_n_samples            = 50
  cfm_n_samples_test       = 200
  cfm_n_steps              = 20
  cfm_n_t_samples          = 4
====================================================
2026-04-22 11:32:03 | Device     : GPU 0: NVIDIA GeForce RTX 3090 (23.6 GB)
2026-04-22 11:32:03 | Result dir : result/electricity/20260422_113203
2026-04-22 11:32:04 | in_dim     : 1
2026-04-22 11:32:04 | Graph      : 321 nodes, 40280 edges
2026-04-22 11:32:04 | Parameters : 235,430

2026-04-22 11:32:04 | 注意：训练中 Val 指标在归一化域（用于早停判断），最终 Test 指标在反 Z-score 域（实际量纲）。
2026-04-22 11:32:04 | [v4] CLUB 在 warmup (8 epochs) 后开始训练，club_lr=2.00e-03
2026-04-22 11:32:04 |  Epoch |     Loss |      CFM |       MI |   VarLoss |  Val MAE |  Val RMSE |  Val CRPS |       LR |   Time
2026-04-22 11:32:04 | ----------------------------------------------------------------------------------------------------------
2026-04-22 11:37:54 |      1 |   0.5103 |   0.5103 |   0.0000 |    0.0000 |   0.1206 |    0.3835 |    0.0999 | 1.00e-03 | 350.0s
2026-04-22 11:43:46 |      2 |   0.2448 |   0.2448 |   0.0000 |    0.0000 |   0.1107 |    0.3434 |    0.0841 | 1.00e-03 | 351.4s
2026-04-22 11:49:32 |      3 |   0.2072 |   0.2072 |   0.0000 |    0.0000 |   0.0916 |    0.2970 |    0.0681 | 1.00e-03 | 346.2s
2026-04-22 11:55:17 |      4 |   0.1743 |   0.1743 |   0.0000 |    0.0000 |   0.0813 |    0.2481 |    0.0574 | 1.00e-03 | 345.4s
2026-04-22 12:01:02 |      5 |   0.1430 |   0.1430 |   0.0000 |    0.0000 |   0.0562 |    0.1422 |    0.0408 | 1.00e-03 | 345.3s
2026-04-22 12:06:48 |      6 |   0.1168 |   0.1168 |   0.0000 |    0.0000 |   0.0545 |    0.1274 |    0.0388 | 1.00e-03 | 345.4s
2026-04-22 12:12:33 |      7 |   0.1038 |   0.1038 |   0.0000 |    0.0000 |   0.0451 |    0.1252 |    0.0333 | 1.00e-03 | 345.3s
2026-04-22 12:18:19 |      8 |   0.0918 |   0.0918 |   0.0000 |    0.0000 |   0.0385 |    0.1062 |    0.0283 | 1.00e-03 | 345.8s
2026-04-22 12:24:12 |      9 |   0.1049 |   0.0982 |   0.1330 |    0.1497 |   0.0456 |    0.1275 |    0.0336 | 1.00e-03 | 353.0s
2026-04-22 12:30:05 |     10 |   0.0986 |   0.0942 |   0.0878 |   -0.3781 |   0.0426 |    0.1135 |    0.0306 | 1.00e-03 | 353.0s
2026-04-22 12:35:58 |     11 |   0.0811 |   0.0785 |   0.0513 |   -0.4548 |   0.0323 |    0.0992 |    0.0243 | 1.00e-03 | 353.0s
2026-04-22 12:41:51 |     12 |   0.0724 |   0.0713 |   0.0219 |   -0.3869 |   0.0319 |    0.1078 |    0.0240 | 1.00e-03 | 353.1s
2026-04-22 12:47:44 |     13 |   0.0638 |   0.0635 |   0.0044 |   -0.0839 |   0.0344 |    0.1299 |    0.0267 | 1.00e-03 | 352.8s
2026-04-22 12:53:37 |     14 |   0.0571 |   0.0570 |   0.0022 |   -0.0951 |   0.0304 |    0.1525 |    0.0240 | 1.00e-03 | 352.9s
2026-04-22 12:59:30 |     15 |  -2.5314 |   0.1406 | -53.4413 | 2137.9018 |   0.1976 |    0.7496 |    0.1896 | 1.00e-03 | 353.0s
2026-04-22 13:05:23 |     16 |   0.0383 |   0.3467 |  -6.1693 |  268.2453 |   0.1128 |    0.3789 |    0.0948 | 1.00e-03 | 353.0s
2026-04-22 13:11:11 |     17 |   0.0395 |   0.2281 |  -3.7728 |   49.1990 |   0.1044 |    0.3212 |    0.0747 | 1.00e-03 | 347.8s
2026-04-22 13:16:58 |     18 |   0.1741 |   0.1699 |   0.0848 |    1.5410 |   0.0711 |    0.2254 |    0.0516 | 1.00e-03 | 347.2s
2026-04-22 13:22:45 |     19 |   0.1253 |   0.1246 |   0.0154 |    1.0577 |   0.0526 |    0.1332 |    0.0371 | 1.00e-03 | 347.2s
2026-04-22 13:28:32 |     20 |   0.1028 |   0.1017 |   0.0217 |    1.0969 |   0.0488 |    0.1375 |    0.0351 | 1.00e-03 | 346.9s
2026-04-22 13:34:19 |     21 |   0.0840 |   0.0843 |  -0.0068 |    0.9882 |   0.0436 |    0.1385 |    0.0316 | 1.00e-03 | 347.2s
2026-04-22 13:40:06 |     22 |   0.0753 |   0.0751 |   0.0038 |    1.0104 |   0.0356 |    0.1079 |    0.0269 | 1.00e-03 | 346.8s
2026-04-22 13:45:53 |     23 |   0.0733 |   0.0719 |   0.0282 |    0.8543 |   0.0429 |    0.2010 |    0.0340 | 1.00e-03 | 347.1s
2026-04-22 13:51:40 |     24 |  -1.9108 |   0.1186 | -40.5883 |  829.1983 |   0.1049 |    0.2983 |    0.0764 | 1.00e-03 | 346.8s
2026-04-22 13:57:27 |     25 |   0.1485 |   0.1127 |   0.7148 |    3.9995 |   0.0416 |    0.1760 |    0.0315 | 5.00e-04 | 346.7s
2026-04-22 14:03:13 |     26 |   0.0598 |   0.0597 |   0.0018 |    0.7701 |   0.0381 |    0.1416 |    0.0291 | 5.00e-04 | 346.5s
2026-04-22 14:09:00 |     27 |   0.0560 |   0.0560 |   0.0013 |    0.8381 |   0.0307 |    0.1168 |    0.0231 | 5.00e-04 | 347.0s
2026-04-22 14:14:47 |     28 |   0.0526 |   0.0522 |   0.0081 |    0.7366 |   0.0400 |    0.2821 |    0.0317 | 5.00e-04 | 346.8s
2026-04-22 14:20:34 |     29 |   0.0502 |   0.0495 |   0.0142 |    0.6506 |   0.0361 |    0.2168 |    0.0285 | 5.00e-04 | 346.9s
2026-04-22 14:26:21 |     30 |   0.0493 |   0.0479 |   0.0280 |    0.7206 |   0.0291 |    0.1465 |    0.0224 | 5.00e-04 | 346.9s
2026-04-22 14:32:08 |     31 |   0.0480 |   0.0468 |   0.0257 |    0.7108 |   0.0341 |    0.2331 |    0.0269 | 5.00e-04 | 347.0s
2026-04-22 14:37:55 |     32 |   0.0469 |   0.0472 |  -0.0065 |    0.8776 |   0.0388 |    0.4122 |    0.0318 | 5.00e-04 | 347.2s
2026-04-22 14:43:42 |     33 |   0.0455 |   0.0448 |   0.0137 |    0.6345 |   0.0330 |    0.3154 |    0.0265 | 5.00e-04 | 347.4s
2026-04-22 14:49:29 |     34 |   0.0453 |   0.0440 |   0.0278 |    0.4290 |   0.0342 |    0.3227 |    0.0274 | 5.00e-04 | 346.9s
2026-04-22 14:55:16 |     35 |   0.0445 |   0.0431 |   0.0262 |    0.2753 |   0.0326 |    0.3244 |    0.0266 | 5.00e-04 | 346.6s
2026-04-22 15:01:03 |     36 |   0.0434 |   0.0431 |   0.0060 |    0.2803 |   0.0329 |    0.1826 |    0.0261 | 5.00e-04 | 346.8s
2026-04-22 15:06:54 |     37 |   0.0436 |   0.0431 |   0.0115 |    0.2564 |   0.0316 |    0.2863 |    0.0258 | 5.00e-04 | 351.0s
2026-04-22 15:12:44 |     38 |   0.0439 |   0.0424 |   0.0312 |    0.0993 |   0.0301 |    0.1496 |    0.0241 | 5.00e-04 | 350.3s
