2026-04-16 16:05:28 | ====================================================
GridCFN Configuration (CFM v2)
====================================================

[Data]
  dataset                  = solar
  data_path                = ./data/solar_AL.txt
  T_in                     = 168
  T_out                    = 1
  adj_threshold            = 0.95
  batch_size               = 32

[Model]
  in_dim                   = 1
  gcn_hidden               = 64
  gcn_layers               = 2
  tcn_hidden               = 64
  tcn_layers               = 4
  env_dim                  = 32
  stoch_dim                = 32
  ms_out_dim               = 32
  n_scg_layers             = 3
  out_dim                  = 1
  lambda_mi                = 0.5
  cfm_hidden               = 128
  cfm_time_emb_dim         = 16

[Train]
  lr                       = 0.0005
  max_epochs               = 200
  patience                 = 20
  lr_decay_factor          = 0.5
  lr_decay_patience        = 10
  grad_clip                = 1.0
  weight_decay             = 1e-05
  save_path                = result/solar/20260416_160527/gridcfn_solar_20260416_160527.pt
  seed                     = 42
  warmup_epochs            = 5
  gpu_id                   = -1
  log_dir                  = logs
  log_to_console           = True
  cfm_n_samples            = 10
  cfm_n_steps              = 20
  cfm_n_t_samples          = 4
====================================================
2026-04-16 16:05:28 | Device     : GPU 0: NVIDIA GeForce RTX 4090 D  (23.5 GB)
2026-04-16 16:05:28 | Result dir : result/solar/20260416_160527
2026-04-16 16:05:33 | in_dim     : 1（数据集实际特征维度）
2026-04-16 16:05:34 | Graph      : 137 nodes, 2896 edges
2026-04-16 16:05:34 | Parameters : 235,430

2026-04-16 16:05:42 |  Epoch |     Loss |      CFM |       MI |   VarLoss |  Val MAE |  Val RMSE |  Val CRPS |       LR |   Time
2026-04-16 16:05:42 | ----------------------------------------------------------------------------------------------------------
2026-04-16 16:08:37 |      1 |   0.4394 |   0.4352 |   0.0083 |   -1.0018 |   0.1314 |    0.3085 |    0.0989 | 5.00e-04 | 175.2s
2026-04-16 16:11:08 |      2 |   0.2909 |   0.2886 |   0.0046 |   -1.0218 |   0.1063 |    0.2596 |    0.0803 | 5.00e-04 | 150.5s
2026-04-16 16:13:40 |      3 |   0.2614 |   0.2583 |   0.0062 |   -0.9883 |   0.1000 |    0.2458 |    0.0750 | 5.00e-04 | 151.7s
2026-04-16 16:16:11 |      4 |   0.2385 |   0.2372 |   0.0027 |   -0.9493 |   0.0972 |    0.2487 |    0.0719 | 5.00e-04 | 151.7s
