2026-04-17 22:18:32 | ====================================================
GridCFN Configuration (CFM v3)
====================================================

[Data]
  dataset                  = electricity
  data_path                = ./data/electricity.txt
  T_in                     = 168
  T_out                    = 1
  adj_threshold            = 0.7
  batch_size               = 32

[Model]
  in_dim                   = 1
  gcn_hidden               = 64
  gcn_layers               = 2
  tcn_hidden               = 64
  tcn_layers               = 4
  env_dim                  = 32
  stoch_dim                = 32
  ms_out_dim               = 32
  n_scg_layers             = 3
  out_dim                  = 1
  lambda_mi                = 0.1
  cfm_hidden               = 128
  cfm_time_emb_dim         = 16

[Train]
  lr                       = 0.001
  max_epochs               = 200
  patience                 = 25
  lr_decay_factor          = 0.5
  lr_decay_patience        = 12
  grad_clip                = 1.0
  weight_decay             = 1e-05
  save_path                = result/electricity/20260417_221832/gridcfn_electricity_20260417_221832.pt
  seed                     = 42
  warmup_epochs            = 5
  gpu_id                   = -1
  log_dir                  = logs
  log_to_console           = True
  cfm_n_samples            = 50
  cfm_n_samples_test       = 200
  cfm_n_steps              = 20
  cfm_n_t_samples          = 4
====================================================
2026-04-17 22:18:32 | Device     : GPU 0: NVIDIA GeForce RTX 3090 (23.6 GB)
2026-04-17 22:18:32 | Result dir : result/electricity/20260417_221832
2026-04-17 22:18:32 | in_dim     : 1
2026-04-17 22:18:32 | Graph      : 321 nodes, 34512 edges
2026-04-17 22:18:33 | Parameters : 235,430

2026-04-17 22:18:33 | 注意：训练中 Val 指标在归一化域（用于早停判断），最终 Test 指标在反 Z-score 域（实际量纲）。
2026-04-17 22:18:33 |  Epoch |     Loss |      CFM |       MI |   VarLoss |  Val MAE |  Val RMSE |  Val CRPS |       LR |   Time
2026-04-17 22:18:33 | ----------------------------------------------------------------------------------------------------------
2026-04-17 22:23:06 |      1 |   1.0581 |   1.0545 |   0.0360 |   -0.9648 |   0.4415 |    0.6240 |    0.3203 | 1.00e-03 | 272.7s
2026-04-17 22:27:38 |      2 |   0.8124 |   0.8088 |   0.0362 |   -0.9898 |   0.3752 |    0.5532 |    0.2675 | 1.00e-03 | 271.9s
2026-04-17 22:32:10 |      3 |   0.6940 |   0.6888 |   0.0521 |   -0.9667 |   0.3493 |    0.5262 |    0.2460 | 1.00e-03 | 272.2s
2026-04-17 22:36:42 |      4 |   0.6357 |   0.6302 |   0.0557 |   -0.9721 |   0.3216 |    0.5010 |    0.2286 | 1.00e-03 | 272.6s
2026-04-17 22:41:15 |      5 |   0.5902 |   0.5847 |   0.0550 |   -0.9746 |   0.3159 |    0.4980 |    0.2260 | 1.00e-03 | 272.8s
2026-04-17 22:45:48 |      6 |   0.5616 |   0.5564 |   0.0516 |   -0.9661 |   0.3077 |    0.4883 |    0.2156 | 1.00e-03 | 272.7s
2026-04-17 22:50:21 |      7 |   0.5374 |   0.5328 |   0.0464 |   -0.9319 |   0.2985 |    0.4788 |    0.2144 | 1.00e-03 | 272.7s
2026-04-17 22:54:54 |      8 |   0.5043 |   0.5021 |   0.0215 |   -0.8127 |   0.2799 |    0.4517 |    0.1976 | 1.00e-03 | 272.9s
2026-04-17 22:59:27 |      9 |   0.4789 |   0.4776 |   0.0132 |   -0.7515 |   0.2701 |    0.4379 |    0.1903 | 1.00e-03 | 272.8s
2026-04-17 23:03:59 |     10 |   0.4437 |   0.4416 |   0.0214 |   -0.7245 |   0.2638 |    0.4507 |    0.1900 | 1.00e-03 | 272.8s
2026-04-17 23:08:32 |     11 |   0.4141 |   0.4113 |   0.0285 |   -0.7287 |   0.2382 |    0.4104 |    0.1718 | 1.00e-03 | 272.9s
2026-04-17 23:13:05 |     12 |   0.3788 |   0.3769 |   0.0192 |   -0.5911 |   0.2167 |    0.3882 |    0.1560 | 1.00e-03 | 273.0s
2026-04-17 23:17:38 |     13 |   0.3556 |   0.3540 |   0.0162 |   -0.5183 |   0.1871 |    0.3405 |    0.1328 | 1.00e-03 | 272.9s
2026-04-17 23:22:11 |     14 |   0.3307 |   0.3290 |   0.0163 |   -0.5126 |   0.1869 |    0.3440 |    0.1333 | 1.00e-03 | 272.8s
2026-04-17 23:26:44 |     15 |   0.3103 |   0.3090 |   0.0139 |   -0.5613 |   0.1726 |    0.3257 |    0.1221 | 1.00e-03 | 272.9s
2026-04-17 23:31:17 |     16 |   0.2931 |   0.2911 |   0.0206 |   -0.5831 |   0.1732 |    0.3218 |    0.1234 | 1.00e-03 | 272.8s
