2026-04-17 22:10:12 | ====================================================
GridCFN Configuration (CFM v3)
====================================================

[Data]
  dataset                  = solar
  data_path                = ./data/solar_AL.txt
  T_in                     = 168
  T_out                    = 1
  adj_threshold            = 0.95
  batch_size               = 32

[Model]
  in_dim                   = 1
  gcn_hidden               = 64
  gcn_layers               = 2
  tcn_hidden               = 64
  tcn_layers               = 4
  env_dim                  = 32
  stoch_dim                = 32
  ms_out_dim               = 32
  n_scg_layers             = 3
  out_dim                  = 1
  lambda_mi                = 0.5
  cfm_hidden               = 128
  cfm_time_emb_dim         = 16

[Train]
  lr                       = 0.0005
  max_epochs               = 200
  patience                 = 30
  lr_decay_factor          = 0.5
  lr_decay_patience        = 15
  grad_clip                = 1.0
  weight_decay             = 1e-05
  save_path                = result/solar/20260417_221012/gridcfn_solar_20260417_221012.pt
  seed                     = 42
  warmup_epochs            = 5
  gpu_id                   = -1
  log_dir                  = logs
  log_to_console           = True
  cfm_n_samples            = 50
  cfm_n_samples_test       = 200
  cfm_n_steps              = 20
  cfm_n_t_samples          = 4
====================================================
2026-04-17 22:10:12 | Device     : GPU 0: NVIDIA GeForce RTX 3090 (23.6 GB)
2026-04-17 22:10:12 | Result dir : result/solar/20260417_221012
2026-04-17 22:10:12 | in_dim     : 1
2026-04-17 22:10:12 | Graph      : 137 nodes, 2896 edges
2026-04-17 22:10:13 | Parameters : 235,430

2026-04-17 22:10:13 | 注意：训练中 Val 指标在归一化域（用于早停判断），最终 Test 指标在反 Z-score 域（实际量纲）。
2026-04-17 22:10:13 |  Epoch |     Loss |      CFM |       MI |   VarLoss |  Val MAE |  Val RMSE |  Val CRPS |       LR |   Time
2026-04-17 22:10:13 | ----------------------------------------------------------------------------------------------------------
2026-04-17 22:13:36 |      1 |   0.4354 |   0.4308 |   0.0093 |   -1.0062 |   0.1234 |    0.2945 |    0.0932 | 5.00e-04 | 202.4s
2026-04-17 22:16:59 |      2 |   0.2923 |   0.2887 |   0.0073 |   -1.0453 |   0.1106 |    0.2565 |    0.0849 | 5.00e-04 | 203.7s
